Archive member included to satisfy reference by file (symbol)

.\CortexM3\ARM_GCC_541\Debug\Design01.a(CyLib.o)
                              .\CortexM3\ARM_GCC_541\Debug\Cm3Start.o (CyHalt)
.\CortexM3\ARM_GCC_541\Debug\Design01.a(cyPm.o)
                              .\CortexM3\ARM_GCC_541\Debug\Design01.a(CyLib.o) (CyPmReadStatus)
.\CortexM3\ARM_GCC_541\Debug\Design01.a(IDAC_1.o)
                              .\CortexM3\ARM_GCC_541\Debug\main.o (IDAC_1_SetValue)
.\CortexM3\ARM_GCC_541\Debug\Design01.a(TIA_1.o)
                              .\CortexM3\ARM_GCC_541\Debug\main.o (TIA_1_Start)
.\CortexM3\ARM_GCC_541\Debug\Design01.a(PGA_Inv_1.o)
                              .\CortexM3\ARM_GCC_541\Debug\main.o (PGA_Inv_1_Start)
.\CortexM3\ARM_GCC_541\Debug\Design01.a(Opamp_1.o)
                              .\CortexM3\ARM_GCC_541\Debug\main.o (Opamp_1_Start)
.\CortexM3\ARM_GCC_541\Debug\Design01.a(UART_1.o)
                              .\CortexM3\ARM_GCC_541\Debug\main.o (UART_1_ReadRxData)
.\CortexM3\ARM_GCC_541\Debug\Design01.a(UART_1_INT.o)
                              .\CortexM3\ARM_GCC_541\Debug\Design01.a(UART_1.o) (UART_1_RXISR)
.\CortexM3\ARM_GCC_541\Debug\Design01.a(UART_1_IntClock.o)
                              .\CortexM3\ARM_GCC_541\Debug\Design01.a(UART_1.o) (UART_1_IntClock_Start)
.\CortexM3\ARM_GCC_541\Debug\Design01.a(isr_1.o)
                              .\CortexM3\ARM_GCC_541\Debug\main.o (isr_1_StartEx)
.\CortexM3\ARM_GCC_541\Debug\Design01.a(Timer_1.o)
                              .\CortexM3\ARM_GCC_541\Debug\main.o (Timer_1_Stop)
.\CortexM3\ARM_GCC_541\Debug\Design01.a(isr_timer.o)
                              .\CortexM3\ARM_GCC_541\Debug\main.o (isr_timer_StartEx)
.\CortexM3\ARM_GCC_541\Debug\Design01.a(CyBootAsmGnu.o)
                              .\CortexM3\ARM_GCC_541\Debug\cyfitter_cfg.o (CyDelayCycles)
.\CortexM3\ARM_GCC_541\Debug\Design01.a(CyFlash.o)
                              .\CortexM3\ARM_GCC_541\Debug\Design01.a(cyPm.o) (CyFlash_SetWaitCycles)
.\CortexM3\ARM_GCC_541\Debug\Design01.a(CySpc.o)
                              .\CortexM3\ARM_GCC_541\Debug\Design01.a(CyFlash.o) (CySpcStart)
.\CortexM3\ARM_GCC_541\Debug\Design01.a(cyutils.o)
                              .\CortexM3\ARM_GCC_541\Debug\Design01.a(Timer_1.o) (CySetReg24)
c:/program files (x86)/cypress/psoc creator/4.4/psoc creator/import/gnu/arm/5.4.1/bin/../lib/gcc/arm-none-eabi/5.4.1/../../../../arm-none-eabi/lib/armv7-m\libg_nano.a(lib_a-errno.o)
                              .\CortexM3\ARM_GCC_541\Debug\Cm3Start.o (__errno)
c:/program files (x86)/cypress/psoc creator/4.4/psoc creator/import/gnu/arm/5.4.1/bin/../lib/gcc/arm-none-eabi/5.4.1/../../../../arm-none-eabi/lib/armv7-m\libg_nano.a(lib_a-exit.o)
                              c:/program files (x86)/cypress/psoc creator/4.4/psoc creator/import/gnu/arm/5.4.1/bin/../lib/gcc/arm-none-eabi/5.4.1/../../../../arm-none-eabi/lib/armv7-m/crt0.o (exit)
c:/program files (x86)/cypress/psoc creator/4.4/psoc creator/import/gnu/arm/5.4.1/bin/../lib/gcc/arm-none-eabi/5.4.1/../../../../arm-none-eabi/lib/armv7-m\libg_nano.a(lib_a-impure.o)
                              c:/program files (x86)/cypress/psoc creator/4.4/psoc creator/import/gnu/arm/5.4.1/bin/../lib/gcc/arm-none-eabi/5.4.1/../../../../arm-none-eabi/lib/armv7-m\libg_nano.a(lib_a-exit.o) (_global_impure_ptr)
c:/program files (x86)/cypress/psoc creator/4.4/psoc creator/import/gnu/arm/5.4.1/bin/../lib/gcc/arm-none-eabi/5.4.1/../../../../arm-none-eabi/lib/armv7-m\libg_nano.a(lib_a-init.o)
                              c:/program files (x86)/cypress/psoc creator/4.4/psoc creator/import/gnu/arm/5.4.1/bin/../lib/gcc/arm-none-eabi/5.4.1/../../../../arm-none-eabi/lib/armv7-m/crt0.o (__libc_init_array)
c:/program files (x86)/cypress/psoc creator/4.4/psoc creator/import/gnu/arm/5.4.1/bin/../lib/gcc/arm-none-eabi/5.4.1/../../../../arm-none-eabi/lib/armv7-m\libg_nano.a(lib_a-memcpy-stub.o)
                              .\CortexM3\ARM_GCC_541\Debug\cyfitter_cfg.o (memcpy)
c:/program files (x86)/cypress/psoc creator/4.4/psoc creator/import/gnu/arm/5.4.1/bin/../lib/gcc/arm-none-eabi/5.4.1/../../../../arm-none-eabi/lib/armv7-m\libg_nano.a(lib_a-memset.o)
                              c:/program files (x86)/cypress/psoc creator/4.4/psoc creator/import/gnu/arm/5.4.1/bin/../lib/gcc/arm-none-eabi/5.4.1/../../../../arm-none-eabi/lib/armv7-m/crt0.o (memset)
c:/program files (x86)/cypress/psoc creator/4.4/psoc creator/import/gnu/arm/5.4.1/bin/../lib/gcc/arm-none-eabi/5.4.1/../../../../arm-none-eabi/lib/armv7-m\libg_nano.a(lib_a-nano-vfprintf_float.o)
                              (_printf_float)
c:/program files (x86)/cypress/psoc creator/4.4/psoc creator/import/gnu/arm/5.4.1/bin/../lib/gcc/arm-none-eabi/5.4.1/../../../../arm-none-eabi/lib/armv7-m\libg_nano.a(lib_a-nano-vfprintf_i.o)
[...]
Memory Configuration

Name             Origin             Length             Attributes
rom              0x00000000         0x00040000         xr
ram              0x1fff8000         0x00010000         xrw
*default*        0x00000000         0xffffffff

Linker script and memory map

LOAD c:/program files (x86)/cypress/psoc creator/4.4/psoc creator/import/gnu/arm/5.4.1/bin/../lib/gcc/arm-none-eabi/5.4.1/armv7-m/crti.o
LOAD c:/program files (x86)/cypress/psoc creator/4.4/psoc creator/import/gnu/arm/5.4.1/bin/../lib/gcc/arm-none-eabi/5.4.1/armv7-m/crtbegin.o
LOAD c:/program files (x86)/cypress/psoc creator/4.4/psoc creator/import/gnu/arm/5.4.1/bin/../lib/gcc/arm-none-eabi/5.4.1/../../../../arm-none-eabi/lib/armv7-m/crt0.o
START GROUP
LOAD .\CortexM3\ARM_GCC_541\Debug\main.o
LOAD .\CortexM3\ARM_GCC_541\Debug\cyfitter_cfg.o
LOAD .\CortexM3\ARM_GCC_541\Debug\cymetadata.o
LOAD .\CortexM3\ARM_GCC_541\Debug\Cm3Start.o
LOAD .\CortexM3\ARM_GCC_541\Debug\Design01.a
LOAD C:\Program Files (x86)\Cypress\PSoC Creator\4.4\PSoC Creator\psoc\content\cycomponentlibrary\CyComponentLibrary.cylib\CortexM3\ARM_GCC_541\Debug\CyComponentLibrary.a
END GROUP
START GROUP
LOAD c:/program files (x86)/cypress/psoc creator/4.4/psoc creator/import/gnu/arm/5.4.1/bin/../lib/gcc/arm-none-eabi/5.4.1/armv7-m\libgcc.a
LOAD c:/program files (x86)/cypress/psoc creator/4.4/psoc creator/import/gnu/arm/5.4.1/bin/../lib/gcc/arm-none-eabi/5.4.1/../../../../arm-none-eabi/lib/armv7-m\libg_nano.a
LOAD c:/program files (x86)/cypress/psoc creator/4.4/psoc creator/import/gnu/arm/5.4.1/bin/../lib/gcc/arm-none-eabi/5.4.1/../../../../arm-none-eabi/lib/armv7-m\libc_nano.a
END GROUP
START GROUP
LOAD c:/program files (x86)/cypress/psoc creator/4.4/psoc creator/import/gnu/arm/5.4.1/bin/../lib/gcc/arm-none-eabi/5.4.1/armv7-m\libgcc.a
LOAD c:/program files (x86)/cypress/psoc creator/4.4/psoc creator/import/gnu/arm/5.4.1/bin/../lib/gcc/arm-none-eabi/5.4.1/../../../../arm-none-eabi/lib/armv7-m\libc_nano.a
END GROUP
LOAD c:/program files (x86)/cypress/psoc creator/4.4/psoc creator/import/gnu/arm/5.4.1/bin/../lib/gcc/arm-none-eabi/5.4.1/armv7-m/crtend.o
LOAD c:/program files (x86)/cypress/psoc creator/4.4/psoc creator/import/gnu/arm/5.4.1/bin/../lib/gcc/arm-none-eabi/5.4.1/armv7-m/crtn.o
START GROUP
LOAD c:/program files (x86)/cypress/psoc creator/4.4/psoc creator/import/gnu/arm/5.4.1/bin/../lib/gcc/arm-none-eabi/5.4.1/armv7-m\libgcc.a
LOAD c:/program files (x86)/cypress/psoc creator/4.4/psoc creator/import/gnu/arm/5.4.1/bin/../lib/gcc/arm-none-eabi/5.4.1/../../../../arm-none-eabi/lib/armv7-m\libc.a
LOAD c:/program files (x86)/cypress/psoc creator/4.4/psoc creator/import/gnu/arm/5.4.1/bin/../lib/gcc/arm-none-eabi/5.4.1/../../../../arm-none-eabi/lib/armv7-m\libnosys.a
END GROUP
                0x00000000                CY_APPL_ORIGIN = 0x0
                0x00000100                CY_FLASH_ROW_SIZE = 0x100
                0x00000020                CY_ECC_ROW_SIZE = 0x20
                0x00000000                CY_EE_IN_BTLDR = 0x0
                0x00000000                CY_APPL_LOADABLE = 0x0
                0x00000800                CY_EE_SIZE = 0x800
                0x00000001                CY_APPL_NUM = 0x1
                0x00000001                CY_APPL_MAX = 0x1
                0x00000040                CY_METADATA_SIZE = 0x40
                0x00000000                CY_APPL_LOADABLE = 0x0
                0x00000000                CY_CHECKSUM_EXCLUDE_SIZE = ALIGN (0x0, CY_FLASH_ROW_SIZE)
                [!provide]                PROVIDE (__cy_heap_start, _end)
                0x00000001                PROVIDE (__cy_region_num, ((__cy_regions_end - __cy_regions) / 0x10))
                0x20008000                PROVIDE (__cy_stack, (ORIGIN (ram) + LENGTH (ram)))
                [!provide]                PROVIDE (__cy_heap_end, (__cy_stack - 0x800))

.cybootloader   0x00000000        0x0
 *(.cybootloader)
                0x00000000                appl1_start = CY_APPL_ORIGIN?CY_APPL_ORIGIN:ALIGN (CY_FLASH_ROW_SIZE)
                0x0001ff00                appl2_start = (appl1_start + ALIGN ((((LENGTH (rom) - appl1_start) - (0x2 * CY_FLASH_ROW_SIZE)) / 0x2), CY_FLASH_ROW_SIZE))
                0x00000000                appl_start = (CY_APPL_NUM == 0x1)?appl1_start:appl2_start
                0x00000000                ecc_offset = ((appl_start / CY_FLASH_ROW_SIZE) * CY_ECC_ROW_SIZE)
                0x00000000                ee_offset = (CY_APPL_LOADABLE && ! (CY_EE_IN_BTLDR))?((CY_EE_SIZE / CY_APPL_MAX) * (CY_APPL_NUM - 0x1)):0x0
                0x00000800                ee_size = (CY_APPL_LOADABLE && ! (CY_EE_IN_BTLDR))?(CY_EE_SIZE / CY_APPL_MAX):CY_EE_SIZE
                [!provide]                PROVIDE (CY_ECC_OFFSET, ecc_offset)

.text           0x00000000     0x31f0
 CREATE_OBJECT_SYMBOLS
                0x00000000                PROVIDE (__cy_interrupt_vector, RomVectors)
 *(.romvectors)
 .romvectors    0x00000000       0x10 .\CortexM3\ARM_GCC_541\Debug\Cm3Start.o
                0x00000000                RomVectors
                0x00000001                ASSERT ((. != __cy_interrupt_vector), No interrupt vector)
                0x00000001                ASSERT (CY_APPL_ORIGIN?(SIZEOF (.cybootloader) <= CY_APPL_ORIGIN):0x1, Wrong image location)
                0x00000010                PROVIDE (__cy_reset, Reset)
 *(.text.Reset)
 .text.Reset    0x00000010       0x18 .\CortexM3\ARM_GCC_541\Debug\Cm3Start.o
                0x00000010                Reset
                0x00000001                ASSERT ((. != __cy_reset), No reset code)
 *(.dma_init)
                0x00000001                ASSERT ((((appl_start + .) <= 0x10000) || 0x1), DMA Init must be within the first 64k of flash)
 *(.text .text.* .gnu.linkonce.t.*)
 .text          0x00000028       0x5c c:/program files (x86)/cypress/psoc creator/4.4/psoc creator/import/gnu/arm/5.4.1/bin/../lib/gcc/arm-none-eabi/5.4.1/armv7-m/crtbegin.o
 .text.timer_tc_isr
                0x00000084       0x14 .\CortexM3\ARM_GCC_541\Debug\main.o
                0x00000084                timer_tc_isr
 .text.UART_Rx_Handler
                0x00000098       0x4c .\CortexM3\ARM_GCC_541\Debug\main.o
                0x00000098                UART_Rx_Handler
 .text.initializeComponents
                0x000000e4       0x50 .\CortexM3\ARM_GCC_541\Debug\main.o
                0x000000e4                initializeComponents
 .text.plotData
                0x00000134       0x28 .\CortexM3\ARM_GCC_541\Debug\main.o
                0x00000134                plotData
 .text.main     0x0000015c       0x4c .\CortexM3\ARM_GCC_541\Debug\main.o
                0x0000015c                main
 .text.CyClockStartupError
                0x000001a8        0x4 .\CortexM3\ARM_GCC_541\Debug\cyfitter_cfg.o
 .text.cfg_write_bytes32
                0x000001ac       0x34 .\CortexM3\ARM_GCC_541\Debug\cyfitter_cfg.o
 .text.AnalogSetDefault
                0x000001e0       0x8c .\CortexM3\ARM_GCC_541\Debug\cyfitter_cfg.o
 .text.CYMEMZERO
                0x0000026c        0xc .\CortexM3\ARM_GCC_541\Debug\cyfitter_cfg.o
 .text.ClockSetup
                0x00000278       0xc4 .\CortexM3\ARM_GCC_541\Debug\cyfitter_cfg.o
 .text.CYCONFIGCPY
                0x0000033c        0x8 .\CortexM3\ARM_GCC_541\Debug\cyfitter_cfg.o
 .text.cyfitter_cfg
                0x00000344      0x134 .\CortexM3\ARM_GCC_541\Debug\cyfitter_cfg.o
                0x00000344                cyfitter_cfg
 .text.IntDefaultHandler
                0x00000478       0x10 .\CortexM3\ARM_GCC_541\Debug\Cm3Start.o
                0x00000478                IntDefaultHandler
 .text._sbrk    0x00000488       0x30 .\CortexM3\ARM_GCC_541\Debug\Cm3Start.o
                0x00000488                _sbrk
 .text.Start_c  0x000004b8       0x4c .\CortexM3\ARM_GCC_541\Debug\Cm3Start.o
                0x000004b8                Start_c
 .text.initialize_psoc
                0x00000504       0x68 .\CortexM3\ARM_GCC_541\Debug\Cm3Start.o
                0x00000504                initialize_psoc
 .text.CyHalt   0x0000056c        0x4 .\CortexM3\ARM_GCC_541\Debug\Design01.a(CyLib.o)
                0x0000056c                CyHalt
 .text.CyDelayUs
                0x00000570       0x14 .\CortexM3\ARM_GCC_541\Debug\Design01.a(CyLib.o)
                0x00000570                CyDelayUs
 .text.CyIntSetVector
                0x00000584       0x28 .\CortexM3\ARM_GCC_541\Debug\Design01.a(CyLib.o)
                0x00000584                CyIntSetVector
 .text.CyIntSetPriority
                0x000005ac       0x30 .\CortexM3\ARM_GCC_541\Debug\Design01.a(CyLib.o)
                0x000005ac                CyIntSetPriority
 .text.IDAC_1_Enable
                0x000005dc       0x1c .\CortexM3\ARM_GCC_541\Debug\Design01.a(IDAC_1.o)
                0x000005dc                IDAC_1_Enable
 .text.IDAC_1_SetSpeed
                0x000005f8       0x1c .\CortexM3\ARM_GCC_541\Debug\Design01.a(IDAC_1.o)
                0x000005f8                IDAC_1_SetSpeed
 .text.IDAC_1_SetValue
                0x00000614        0xc .\CortexM3\ARM_GCC_541\Debug\Design01.a(IDAC_1.o)
                0x00000614                IDAC_1_SetValue
 .text.IDAC_1_DacTrim
                0x00000620       0x34 .\CortexM3\ARM_GCC_541\Debug\Design01.a(IDAC_1.o)
                0x00000620                IDAC_1_DacTrim
 .text.IDAC_1_Init
                0x00000654       0x24 .\CortexM3\ARM_GCC_541\Debug\Design01.a(IDAC_1.o)
                0x00000654                IDAC_1_Init
 .text.IDAC_1_Start
                0x00000678       0x24 .\CortexM3\ARM_GCC_541\Debug\Design01.a(IDAC_1.o)
                0x00000678                IDAC_1_Start
 .text.TIA_1_Enable
                0x0000069c       0x28 .\CortexM3\ARM_GCC_541\Debug\Design01.a(TIA_1.o)
                0x0000069c                TIA_1_Enable
 .text.TIA_1_SetPower
                0x000006c4       0x18 .\CortexM3\ARM_GCC_541\Debug\Design01.a(TIA_1.o)
                0x000006c4                TIA_1_SetPower
 .text.TIA_1_SetResFB
                0x000006dc       0x20 .\CortexM3\ARM_GCC_541\Debug\Design01.a(TIA_1.o)
                0x000006dc                TIA_1_SetResFB
 .text.TIA_1_SetCapFB
                0x000006fc       0x20 .\CortexM3\ARM_GCC_541\Debug\Design01.a(TIA_1.o)
                0x000006fc                TIA_1_SetCapFB
 .text.TIA_1_Init
                0x0000071c       0x2c .\CortexM3\ARM_GCC_541\Debug\Design01.a(TIA_1.o)
                0x0000071c                TIA_1_Init
 .text.TIA_1_Start
                0x00000748       0x1c .\CortexM3\ARM_GCC_541\Debug\Design01.a(TIA_1.o)
                0x00000748                TIA_1_Start
 .text.PGA_Inv_1_Enable
                0x00000764       0x28 .\CortexM3\ARM_GCC_541\Debug\Design01.a(PGA_Inv_1.o)
                0x00000764                PGA_Inv_1_Enable
 .text.PGA_Inv_1_SetPower
                0x0000078c       0x18 .\CortexM3\ARM_GCC_541\Debug\Design01.a(PGA_Inv_1.o)
                0x0000078c                PGA_Inv_1_SetPower
 .text.PGA_Inv_1_SetGain
                0x000007a4       0x78 .\CortexM3\ARM_GCC_541\Debug\Design01.a(PGA_Inv_1.o)
                0x000007a4                PGA_Inv_1_SetGain
 .text.PGA_Inv_1_Init
                0x0000081c       0x28 .\CortexM3\ARM_GCC_541\Debug\Design01.a(PGA_Inv_1.o)
                0x0000081c                PGA_Inv_1_Init
 .text.PGA_Inv_1_Start
                0x00000844       0x1c .\CortexM3\ARM_GCC_541\Debug\Design01.a(PGA_Inv_1.o)
                0x00000844                PGA_Inv_1_Start
 .text.Opamp_1_Enable
                0x00000860       0x28 .\CortexM3\ARM_GCC_541\Debug\Design01.a(Opamp_1.o)
                0x00000860                Opamp_1_Enable
 .text.Opamp_1_SetPower
                0x00000888       0x1c .\CortexM3\ARM_GCC_541\Debug\Design01.a(Opamp_1.o)
                0x00000888                Opamp_1_SetPower
 .text.Opamp_1_Init
                0x000008a4        0xc .\CortexM3\ARM_GCC_541\Debug\Design01.a(Opamp_1.o)
                0x000008a4                Opamp_1_Init
 .text.Opamp_1_Start
                0x000008b0       0x1c .\CortexM3\ARM_GCC_541\Debug\Design01.a(Opamp_1.o)
                0x000008b0                Opamp_1_Start
 .text.UART_1_Enable
                0x000008cc       0x5c .\CortexM3\ARM_GCC_541\Debug\Design01.a(UART_1.o)
                0x000008cc                UART_1_Enable
 .text.UART_1_ReadRxData
                0x00000928       0x64 .\CortexM3\ARM_GCC_541\Debug\Design01.a(UART_1.o)
                0x00000928                UART_1_ReadRxData
 .text.UART_1_GetRxBufferSize
                0x0000098c       0x60 .\CortexM3\ARM_GCC_541\Debug\Design01.a(UART_1.o)
                0x0000098c                UART_1_GetRxBufferSize
 .text.UART_1_ClearRxBuffer
                0x000009ec       0x44 .\CortexM3\ARM_GCC_541\Debug\Design01.a(UART_1.o)
                0x000009ec                UART_1_ClearRxBuffer
 .text.UART_1_SetRxAddressMode
                0x00000a30       0x28 .\CortexM3\ARM_GCC_541\Debug\Design01.a(UART_1.o)
                0x00000a30                UART_1_SetRxAddressMode
 .text.UART_1_SetRxAddress1
                0x00000a58        0xc .\CortexM3\ARM_GCC_541\Debug\Design01.a(UART_1.o)
                0x00000a58                UART_1_SetRxAddress1
 .text.UART_1_SetRxAddress2
                0x00000a64        0xc .\CortexM3\ARM_GCC_541\Debug\Design01.a(UART_1.o)
                0x00000a64                UART_1_SetRxAddress2
 .text.UART_1_Init
                0x00000a70       0x70 .\CortexM3\ARM_GCC_541\Debug\Design01.a(UART_1.o)
                0x00000a70                UART_1_Init
 .text.UART_1_Start
                0x00000ae0       0x1c .\CortexM3\ARM_GCC_541\Debug\Design01.a(UART_1.o)
                0x00000ae0                UART_1_Start
 .text.UART_1_WriteTxData
                0x00000afc       0x60 .\CortexM3\ARM_GCC_541\Debug\Design01.a(UART_1.o)
                0x00000afc                UART_1_WriteTxData
 .text.UART_1_ClearTxBuffer
                0x00000b5c       0x40 .\CortexM3\ARM_GCC_541\Debug\Design01.a(UART_1.o)
                0x00000b5c                UART_1_ClearTxBuffer
 .text.UART_1_RXISR
                0x00000b9c       0xe8 .\CortexM3\ARM_GCC_541\Debug\Design01.a(UART_1_INT.o)
                0x00000b9c                UART_1_RXISR
 .text.UART_1_TXISR
                0x00000c84       0x58 .\CortexM3\ARM_GCC_541\Debug\Design01.a(UART_1_INT.o)
                0x00000c84                UART_1_TXISR
 .text.UART_1_IntClock_Start
                0x00000cdc       0x1c .\CortexM3\ARM_GCC_541\Debug\Design01.a(UART_1_IntClock.o)
                0x00000cdc                UART_1_IntClock_Start
 .text.isr_1_SetVector
                0x00000cf8        0xc .\CortexM3\ARM_GCC_541\Debug\Design01.a(isr_1.o)
                0x00000cf8                isr_1_SetVector
 .text.isr_1_SetPriority
                0x00000d04       0x10 .\CortexM3\ARM_GCC_541\Debug\Design01.a(isr_1.o)
                0x00000d04                isr_1_SetPriority
 .text.isr_1_Enable
                0x00000d14        0xc .\CortexM3\ARM_GCC_541\Debug\Design01.a(isr_1.o)
                0x00000d14                isr_1_Enable
 .text.isr_1_Disable
                0x00000d20        0xc .\CortexM3\ARM_GCC_541\Debug\Design01.a(isr_1.o)
                0x00000d20                isr_1_Disable
 .text.isr_1_StartEx
                0x00000d2c       0x1c .\CortexM3\ARM_GCC_541\Debug\Design01.a(isr_1.o)
                0x00000d2c                isr_1_StartEx
 .text.isr_1_ClearPending
                0x00000d48        0xc .\CortexM3\ARM_GCC_541\Debug\Design01.a(isr_1.o)
                0x00000d48                isr_1_ClearPending
 .text.Timer_1_Enable
                0x00000d54       0x10 .\CortexM3\ARM_GCC_541\Debug\Design01.a(Timer_1.o)
                0x00000d54                Timer_1_Enable
 .text.Timer_1_SetInterruptMode
                0x00000d64        0xc .\CortexM3\ARM_GCC_541\Debug\Design01.a(Timer_1.o)
                0x00000d64                Timer_1_SetInterruptMode
 .text.Timer_1_ReadStatusRegister
                0x00000d70        0xc .\CortexM3\ARM_GCC_541\Debug\Design01.a(Timer_1.o)
                0x00000d70                Timer_1_ReadStatusRegister
 .text.Timer_1_WritePeriod
                0x00000d7c       0x10 .\CortexM3\ARM_GCC_541\Debug\Design01.a(Timer_1.o)
                0x00000d7c                Timer_1_WritePeriod
 .text.Timer_1_ReadCapture
                0x00000d8c       0x10 .\CortexM3\ARM_GCC_541\Debug\Design01.a(Timer_1.o)
                0x00000d8c                Timer_1_ReadCapture
 .text.Timer_1_WriteCounter
                0x00000d9c       0x10 .\CortexM3\ARM_GCC_541\Debug\Design01.a(Timer_1.o)
                0x00000d9c                Timer_1_WriteCounter
 .text.Timer_1_ClearFIFO
                0x00000dac       0x14 .\CortexM3\ARM_GCC_541\Debug\Design01.a(Timer_1.o)
                0x00000dac                Timer_1_ClearFIFO
 .text.Timer_1_Init
                0x00000dc0       0x38 .\CortexM3\ARM_GCC_541\Debug\Design01.a(Timer_1.o)
                0x00000dc0                Timer_1_Init
 .text.Timer_1_Start
                0x00000df8       0x1c .\CortexM3\ARM_GCC_541\Debug\Design01.a(Timer_1.o)
                0x00000df8                Timer_1_Start
 .text.isr_timer_SetVector
                0x00000e14        0xc .\CortexM3\ARM_GCC_541\Debug\Design01.a(isr_timer.o)
                0x00000e14                isr_timer_SetVector
 .text.isr_timer_SetPriority
                0x00000e20       0x10 .\CortexM3\ARM_GCC_541\Debug\Design01.a(isr_timer.o)
                0x00000e20                isr_timer_SetPriority
 .text.isr_timer_Enable
                0x00000e30        0xc .\CortexM3\ARM_GCC_541\Debug\Design01.a(isr_timer.o)
                0x00000e30                isr_timer_Enable
 .text.isr_timer_Disable
                0x00000e3c        0xc .\CortexM3\ARM_GCC_541\Debug\Design01.a(isr_timer.o)
                0x00000e3c                isr_timer_Disable
 .text.isr_timer_StartEx
                0x00000e48       0x1c .\CortexM3\ARM_GCC_541\Debug\Design01.a(isr_timer.o)
                0x00000e48                isr_timer_StartEx
 .text.isr_timer_ClearPending
                0x00000e64        0xc .\CortexM3\ARM_GCC_541\Debug\Design01.a(isr_timer.o)
                0x00000e64                isr_timer_ClearPending
 .text          0x00000e70       0x20 .\CortexM3\ARM_GCC_541\Debug\Design01.a(CyBootAsmGnu.o)
                0x00000e70                CyDelayCycles
                0x00000e80                CyEnterCriticalSection
                0x00000e88                CyExitCriticalSection
 .text.CySetReg24
                0x00000e90       0x14 .\CortexM3\ARM_GCC_541\Debug\Design01.a(cyutils.o)
                0x00000e90                CySetReg24
 .text.__errno  0x00000ea4        0xc c:/program files (x86)/cypress/psoc creator/4.4/psoc creator/import/gnu/arm/5.4.1/bin/../lib/gcc/arm-none-eabi/5.4.1/../../../../arm-none-eabi/lib/armv7-m\libg_nano.a(lib_a-errno.o)
                0x00000ea4                __errno
 .text.__libc_init_array
                0x00000eb0       0x4c c:/program files (x86)/cypress/psoc creator/4.4/psoc creator/import/gnu/arm/5.4.1/bin/../lib/gcc/arm-none-eabi/5.4.1/../../../../arm-none-eabi/lib/armv7-m\libg_nano.a(lib_a-init.o)
                0x00000eb0                __libc_init_array
 .text.memcpy   0x00000efc       0x16 c:/program files (x86)/cypress/psoc creator/4.4/psoc creator/import/gnu/arm/5.4.1/bin/../lib/gcc/arm-none-eabi/5.4.1/../../../../arm-none-eabi/lib/armv7-m\libg_nano.a(lib_a-memcpy-stub.o)
                0x00000efc                memcpy
 .text.memset   0x00000f12       0x10 c:/program files (x86)/cypress/psoc creator/4.4/psoc creator/import/gnu/arm/5.4.1/bin/../lib/gcc/arm-none-eabi/5.4.1/../../../../arm-none-eabi/lib/armv7-m\libg_nano.a(lib_a-memset.o)
                0x00000f12                memset
 .text.__cvt    0x00000f22       0xc0 c:/program files (x86)/cypress/psoc creator/4.4/psoc creator/import/gnu/arm/5.4.1/bin/../lib/gcc/arm-none-eabi/5.4.1/../../../../arm-none-eabi/lib/armv7-m\libg_nano.a(lib_a-nano-vfprintf_float.o)
                0x00000f22                __cvt
 .text.__exponent
                0x00000fe2       0x62 c:/program files (x86)/cypress/psoc creator/4.4/psoc creator/import/gnu/arm/5.4.1/bin/../lib/gcc/arm-none-eabi/5.4.1/../../../../arm-none-eabi/lib/armv7-m\libg_nano.a(lib_a-nano-vfprintf_float.o)
                0x00000fe2                __exponent
 .text._printf_float
                0x00001044      0x488 c:/program files (x86)/cypress/psoc creator/4.4/psoc creator/import/gnu/arm/5.4.1/bin/../lib/gcc/arm-none-eabi/5.4.1/../../../../arm-none-eabi/lib/armv7-m\libg_nano.a(lib_a-nano-vfprintf_float.o)
                0x00001044                _printf_float
 .text._printf_common
                0x000014cc       0xec c:/program files (x86)/cypress/psoc creator/4.4/psoc creator/import/gnu/arm/5.4.1/bin/../lib/gcc/arm-none-eabi/5.4.1/../../../../arm-none-eabi/lib/armv7-m\libg_nano.a(lib_a-nano-vfprintf_i.o)
                0x000014cc                _printf_common
 .text          0x000015b8       0x10 c:/program files (x86)/cypress/psoc creator/4.4/psoc creator/import/gnu/arm/5.4.1/bin/../lib/gcc/arm-none-eabi/5.4.1/../../../../arm-none-eabi/lib/armv7-m\libg_nano.a(lib_a-strlen.o)
                0x000015b8                strlen
 .text.quorem   0x000015c8      0x116 c:/program files (x86)/cypress/psoc creator/4.4/psoc creator/import/gnu/arm/5.4.1/bin/../lib/gcc/arm-none-eabi/5.4.1/../../../../arm-none-eabi/lib/armv7-m\libg_nano.a(lib_a-dtoa.o)
 *fill*         0x000016de        0x2 
 .text._dtoa_r  0x000016e0      0xb30 c:/program files (x86)/cypress/psoc creator/4.4/psoc creator/import/gnu/arm/5.4.1/bin/../lib/gcc/arm-none-eabi/5.4.1/../../../../arm-none-eabi/lib/armv7-m\libg_nano.a(lib_a-dtoa.o)
                0x000016e0                _dtoa_r
 .text._localeconv_r
                0x00002210        0x8 c:/program files (x86)/cypress/psoc creator/4.4/psoc creator/import/gnu/arm/5.4.1/bin/../lib/gcc/arm-none-eabi/5.4.1/../../../../arm-none-eabi/lib/armv7-m\libg_nano.a(lib_a-locale.o)
                0x00002210                _localeconv_r
 .text.malloc   0x00002218       0x10 c:/program files (x86)/cypress/psoc creator/4.4/psoc creator/import/gnu/arm/5.4.1/bin/../lib/gcc/arm-none-eabi/5.4.1/../../../../arm-none-eabi/lib/armv7-m\libg_nano.a(lib_a-malloc.o)
                0x00002218                malloc
 .text._Balloc  0x00002228       0x6a c:/program files (x86)/cypress/psoc creator/4.4/psoc creator/import/gnu/arm/5.4.1/bin/../lib/gcc/arm-none-eabi/5.4.1/../../../../arm-none-eabi/lib/armv7-m\libg_nano.a(lib_a-mprec.o)
                0x00002228                _Balloc
 .text._Bfree   0x00002292       0x2e c:/program files (x86)/cypress/psoc creator/4.4/psoc creator/import/gnu/arm/5.4.1/bin/../lib/gcc/arm-none-eabi/5.4.1/../../../../arm-none-eabi/lib/armv7-m\libg_nano.a(lib_a-mprec.o)
                0x00002292                _Bfree
 .text.__multadd
                0x000022c0       0x76 c:/program files (x86)/cypress/psoc creator/4.4/psoc creator/import/gnu/arm/5.4.1/bin/../lib/gcc/arm-none-eabi/5.4.1/../../../../arm-none-eabi/lib/armv7-m\libg_nano.a(lib_a-mprec.o)
                0x000022c0                __multadd
 .text.__hi0bits
                0x00002336       0x40 c:/program files (x86)/cypress/psoc creator/4.4/psoc creator/import/gnu/arm/5.4.1/bin/../lib/gcc/arm-none-eabi/5.4.1/../../../../arm-none-eabi/lib/armv7-m\libg_nano.a(lib_a-mprec.o)
                0x00002336                __hi0bits
 .text.__lo0bits
                0x00002376       0x5a c:/program files (x86)/cypress/psoc creator/4.4/psoc creator/import/gnu/arm/5.4.1/bin/../lib/gcc/arm-none-eabi/5.4.1/../../../../arm-none-eabi/lib/armv7-m\libg_nano.a(lib_a-mprec.o)
                0x00002376                __lo0bits
 .text.__i2b    0x000023d0       0x12 c:/program files (x86)/cypress/psoc creator/4.4/psoc creator/import/gnu/arm/5.4.1/bin/../lib/gcc/arm-none-eabi/5.4.1/../../../../arm-none-eabi/lib/armv7-m\libg_nano.a(lib_a-mprec.o)
                0x000023d0                __i2b
 .text.__multiply
                0x000023e2      0x120 c:/program files (x86)/cypress/psoc creator/4.4/psoc creator/import/gnu/arm/5.4.1/bin/../lib/gcc/arm-none-eabi/5.4.1/../../../../arm-none-eabi/lib/armv7-m\libg_nano.a(lib_a-mprec.o)
                0x000023e2                __multiply
 *fill*         0x00002502        0x2 
 .text.__pow5mult
                0x00002504       0x9c c:/program files (x86)/cypress/psoc creator/4.4/psoc creator/import/gnu/arm/5.4.1/bin/../lib/gcc/arm-none-eabi/5.4.1/../../../../arm-none-eabi/lib/armv7-m\libg_nano.a(lib_a-mprec.o)
                0x00002504                __pow5mult
 .text.__lshift
                0x000025a0       0xa2 c:/program files (x86)/cypress/psoc creator/4.4/psoc creator/import/gnu/arm/5.4.1/bin/../lib/gcc/arm-none-eabi/5.4.1/../../../../arm-none-eabi/lib/armv7-m\libg_nano.a(lib_a-mprec.o)
                0x000025a0                __lshift
 .text.__mcmp   0x00002642       0x38 c:/program files (x86)/cypress/psoc creator/4.4/psoc creator/import/gnu/arm/5.4.1/bin/../lib/gcc/arm-none-eabi/5.4.1/../../../../arm-none-eabi/lib/armv7-m\libg_nano.a(lib_a-mprec.o)
                0x00002642                __mcmp
 .text.__mdiff  0x0000267a       0xbe c:/program files (x86)/cypress/psoc creator/4.4/psoc creator/import/gnu/arm/5.4.1/bin/../lib/gcc/arm-none-eabi/5.4.1/../../../../arm-none-eabi/lib/armv7-m\libg_nano.a(lib_a-mprec.o)
                0x0000267a                __mdiff
 .text.__d2b    0x00002738       0x9c c:/program files (x86)/cypress/psoc creator/4.4/psoc creator/import/gnu/arm/5.4.1/bin/../lib/gcc/arm-none-eabi/5.4.1/../../../../arm-none-eabi/lib/armv7-m\libg_nano.a(lib_a-mprec.o)
                0x00002738                __d2b
 .text._calloc_r
                0x000027d4       0x1c c:/program files (x86)/cypress/psoc creator/4.4/psoc creator/import/gnu/arm/5.4.1/bin/../lib/gcc/arm-none-eabi/5.4.1/../../../../arm-none-eabi/lib/armv7-m\libg_nano.a(lib_a-nano-callocr.o)
                0x000027d4                _calloc_r
 .text._malloc_r
                0x000027f0       0xbc c:/program files (x86)/cypress/psoc creator/4.4/psoc creator/import/gnu/arm/5.4.1/bin/../lib/gcc/arm-none-eabi/5.4.1/../../../../arm-none-eabi/lib/armv7-m\libg_nano.a(lib_a-nano-mallocr.o)
                0x000027f0                _malloc_r
 .text._sbrk_r  0x000028ac       0x20 c:/program files (x86)/cypress/psoc creator/4.4/psoc creator/import/gnu/arm/5.4.1/bin/../lib/gcc/arm-none-eabi/5.4.1/../../../../arm-none-eabi/lib/armv7-m\libg_nano.a(lib_a-sbrkr.o)
                0x000028ac                _sbrk_r
 .text.__malloc_lock
                0x000028cc        0x2 c:/program files (x86)/cypress/psoc creator/4.4/psoc creator/import/gnu/arm/5.4.1/bin/../lib/gcc/arm-none-eabi/5.4.1/../../../../arm-none-eabi/lib/armv7-m\libg_nano.a(lib_a-mlock.o)
                0x000028cc                __malloc_lock
 .text.__malloc_unlock
                0x000028ce        0x2 c:/program files (x86)/cypress/psoc creator/4.4/psoc creator/import/gnu/arm/5.4.1/bin/../lib/gcc/arm-none-eabi/5.4.1/../../../../arm-none-eabi/lib/armv7-m\libg_nano.a(lib_a-mlock.o)
                0x000028ce                __malloc_unlock
 .text          0x000028d0      0x370 c:/program files (x86)/cypress/psoc creator/4.4/psoc creator/import/gnu/arm/5.4.1/bin/../lib/gcc/arm-none-eabi/5.4.1/armv7-m\libgcc.a(_arm_addsubdf3.o)
                0x000028d0                __aeabi_drsub
                0x000028d8                __aeabi_dsub
                0x000028d8                __subdf3
                0x000028dc                __aeabi_dadd
                0x000028dc                __adddf3
                0x00002b54                __floatunsidf
                0x00002b54                __aeabi_ui2d
                0x00002b74                __floatsidf
                0x00002b74                __aeabi_i2d
                0x00002b98                __aeabi_f2d
                0x00002b98                __extendsfdf2
                0x00002bd4                __floatundidf
                0x00002bd4                __aeabi_ul2d
                0x00002be4                __floatdidf
                0x00002be4                __aeabi_l2d
 .text          0x00002c40      0x424 c:/program files (x86)/cypress/psoc creator/4.4/psoc creator/import/gnu/arm/5.4.1/bin/../lib/gcc/arm-none-eabi/5.4.1/armv7-m\libgcc.a(_arm_muldivdf3.o)
                0x00002c40                __aeabi_dmul
                0x00002c40                __muldf3
                0x00002e94                __divdf3
                0x00002e94                __aeabi_ddiv
 .text          0x00003064      0x110 c:/program files (x86)/cypress/psoc creator/4.4/psoc creator/import/gnu/arm/5.4.1/bin/../lib/gcc/arm-none-eabi/5.4.1/armv7-m\libgcc.a(_arm_cmpdf2.o)
                0x00003064                __gtdf2
                0x00003064                __gedf2
                0x0000306c                __ltdf2
                0x0000306c                __ledf2
                0x00003074                __nedf2
                0x00003074                __eqdf2
                0x00003074                __cmpdf2
                0x000030f0                __aeabi_cdrcmple
                0x00003100                __aeabi_cdcmpeq
                0x00003100                __aeabi_cdcmple
                0x00003110                __aeabi_dcmpeq
                0x00003124                __aeabi_dcmplt
                0x00003138                __aeabi_dcmple
                0x0000314c                __aeabi_dcmpge
                0x00003160                __aeabi_dcmpgt
 .text          0x00003174       0x2c c:/program files (x86)/cypress/psoc creator/4.4/psoc creator/import/gnu/arm/5.4.1/bin/../lib/gcc/arm-none-eabi/5.4.1/armv7-m\libgcc.a(_arm_unorddf2.o)
                0x00003174                __unorddf2
                0x00003174                __aeabi_dcmpun
 .text          0x000031a0       0x50 c:/program files (x86)/cypress/psoc creator/4.4/psoc creator/import/gnu/arm/5.4.1/bin/../lib/gcc/arm-none-eabi/5.4.1/armv7-m\libgcc.a(_arm_fixdfsi.o)
                0x000031a0                __aeabi_d2iz
                0x000031a0                __fixdfsi
 *(.plt)
 *(.gnu.warning)
 *(.glue_7t)
 .glue_7t       0x000031f0        0x0 linker stubs
 *(.glue_7)
 .glue_7        0x000031f0        0x0 linker stubs
 *(.vfp11_veneer)
 .vfp11_veneer  0x000031f0        0x0 linker stubs
 *(.bootloader)
 *(.ARM.extab* .gnu.linkonce.armextab.*)
 *(.gcc_except_table)

.v4_bx          0x000031f0        0x0
 .v4_bx         0x000031f0        0x0 linker stubs

.iplt           0x000031f0        0x0
 .iplt          0x000031f0        0x0 c:/program files (x86)/cypress/psoc creator/4.4/psoc creator/import/gnu/arm/5.4.1/bin/../lib/gcc/arm-none-eabi/5.4.1/armv7-m/crtbegin.o

.eh_frame_hdr
 *(.eh_frame_hdr)

.eh_frame       0x000031f0        0x4
 *(.eh_frame)
 .eh_frame      0x000031f0        0x0 c:/program files (x86)/cypress/psoc creator/4.4/psoc creator/import/gnu/arm/5.4.1/bin/../lib/gcc/arm-none-eabi/5.4.1/armv7-m/crtbegin.o
 .eh_frame      0x000031f0        0x4 c:/program files (x86)/cypress/psoc creator/4.4/psoc creator/import/gnu/arm/5.4.1/bin/../lib/gcc/arm-none-eabi/5.4.1/armv7-m/crtend.o
                [!provide]                PROVIDE (__exidx_start, .)

.ARM.exidx
 *(.ARM.exidx* .gnu.linkonce.armexidx.*)
                0x000031f4                __exidx_end = .

.rodata         0x000031f8      0x1c0
 *(.rodata .rodata.* .gnu.linkonce.r.*)
 .rodata        0x000031f8       0x42 .\CortexM3\ARM_GCC_541\Debug\cyfitter_cfg.o
 *fill*         0x0000323a        0x2 
 .rodata        0x0000323c       0x15 .\CortexM3\ARM_GCC_541\Debug\Design01.a(PGA_Inv_1.o)
 .rodata.str1.1
                0x00003251        0x2 c:/program files (x86)/cypress/psoc creator/4.4/psoc creator/import/gnu/arm/5.4.1/bin/../lib/gcc/arm-none-eabi/5.4.1/../../../../arm-none-eabi/lib/armv7-m\libg_nano.a(lib_a-impure.o)
 .rodata.str1.1
                0x00003253       0x12 c:/program files (x86)/cypress/psoc creator/4.4/psoc creator/import/gnu/arm/5.4.1/bin/../lib/gcc/arm-none-eabi/5.4.1/../../../../arm-none-eabi/lib/armv7-m\libg_nano.a(lib_a-nano-vfprintf_float.o)
 .rodata.str1.1
                0x00003265        0xd c:/program files (x86)/cypress/psoc creator/4.4/psoc creator/import/gnu/arm/5.4.1/bin/../lib/gcc/arm-none-eabi/5.4.1/../../../../arm-none-eabi/lib/armv7-m\libg_nano.a(lib_a-dtoa.o)
                                  0xf (size before relaxing)
 .rodata.str1.1
                0x00003272        0x8 c:/program files (x86)/cypress/psoc creator/4.4/psoc creator/import/gnu/arm/5.4.1/bin/../lib/gcc/arm-none-eabi/5.4.1/../../../../arm-none-eabi/lib/armv7-m\libg_nano.a(lib_a-locale.o)
                                  0xb (size before relaxing)
 *fill*         0x0000327a        0x6 
 .rodata.__mprec_tens
                0x00003280       0xc8 c:/program files (x86)/cypress/psoc creator/4.4/psoc creator/import/gnu/arm/5.4.1/bin/../lib/gcc/arm-none-eabi/5.4.1/../../../../arm-none-eabi/lib/armv7-m\libg_nano.a(lib_a-mprec.o)
                0x00003280                __mprec_tens
 .rodata.p05.5408
                0x00003348        0xc c:/program files (x86)/cypress/psoc creator/4.4/psoc creator/import/gnu/arm/5.4.1/bin/../lib/gcc/arm-none-eabi/5.4.1/../../../../arm-none-eabi/lib/armv7-m\libg_nano.a(lib_a-mprec.o)
 *fill*         0x00003354        0x4 
 .rodata.__mprec_bigtens
                0x00003358       0x28 c:/program files (x86)/cypress/psoc creator/4.4/psoc creator/import/gnu/arm/5.4.1/bin/../lib/gcc/arm-none-eabi/5.4.1/../../../../arm-none-eabi/lib/armv7-m\libg_nano.a(lib_a-mprec.o)
                0x00003358                __mprec_bigtens
                0x00003380                . = ALIGN (0x4)
 *(.init)
 .init          0x00003380        0x4 c:/program files (x86)/cypress/psoc creator/4.4/psoc creator/import/gnu/arm/5.4.1/bin/../lib/gcc/arm-none-eabi/5.4.1/armv7-m/crti.o
                0x00003380                _init
 .init          0x00003384        0x8 c:/program files (x86)/cypress/psoc creator/4.4/psoc creator/import/gnu/arm/5.4.1/bin/../lib/gcc/arm-none-eabi/5.4.1/armv7-m/crtn.o
                0x0000338c                . = ALIGN (0x4)
                0x0000338c                __preinit_array_start = .
 *(.preinit_array)
                0x0000338c                __preinit_array_end = .
                0x0000338c                . = ALIGN (0x4)
                0x0000338c                __init_array_start = .
 *(SORT(.init_array.*))
 *(.init_array)
 .init_array    0x0000338c        0x4 c:/program files (x86)/cypress/psoc creator/4.4/psoc creator/import/gnu/arm/5.4.1/bin/../lib/gcc/arm-none-eabi/5.4.1/armv7-m/crtbegin.o
 .init_array    0x00003390        0x4 .\CortexM3\ARM_GCC_541\Debug\Cm3Start.o
                0x00003394                __init_array_end = .
                0x00003394                . = ALIGN (0x4)
 *(.fini)
 .fini          0x00003394        0x4 c:/program files (x86)/cypress/psoc creator/4.4/psoc creator/import/gnu/arm/5.4.1/bin/../lib/gcc/arm-none-eabi/5.4.1/armv7-m/crti.o
                0x00003394                _fini
 .fini          0x00003398        0x8 c:/program files (x86)/cypress/psoc creator/4.4/psoc creator/import/gnu/arm/5.4.1/bin/../lib/gcc/arm-none-eabi/5.4.1/armv7-m/crtn.o
                0x000033a0                . = ALIGN (0x4)
                0x000033a0                __fini_array_start = .
 *(.fini_array)
 .fini_array    0x000033a0        0x4 c:/program files (x86)/cypress/psoc creator/4.4/psoc creator/import/gnu/arm/5.4.1/bin/../lib/gcc/arm-none-eabi/5.4.1/armv7-m/crtbegin.o
 *(SORT(.fini_array.*))
                0x000033a4                __fini_array_end = .
                0x000033a4                . = ALIGN (0x4)
 *crtbegin.o(.ctors)
 *(EXCLUDE_FILE(*crtend.o) .ctors)
 *(SORT(.ctors.*))
 *crtend.o(.ctors)
                0x000033a4                . = ALIGN (0x4)
 *crtbegin.o(.dtors)
 *(EXCLUDE_FILE(*crtend.o) .dtors)
 *(SORT(.dtors.*))
 *crtend.o(.dtors)
                0x000033a4                . = ALIGN (0x4)
                0x000033a4                __cy_regions = .
                0x000033a4        0x4 LONG 0x33b8 __cy_region_init_ram
                0x000033a8        0x4 LONG 0x1fff80c8 __cy_region_start_data
                0x000033ac        0x4 LONG 0xc0 __cy_region_init_size_ram
                0x000033b0        0x4 LONG 0x3238 __cy_region_zero_size_ram
                0x000033b4                __cy_regions_end = .
                0x000033b8                . = ALIGN (0x8)
 *fill*         0x000033b4        0x4 
                0x000033b8                _etext = .

.cy_checksum_exclude
                0x000033b8        0x0
 *(.cy_checksum_exclude)

.ramvectors     0x1fff8000       0xc0
                0x1fff8000                __cy_region_start_ram = .
 *(.ramvectors)
 .ramvectors    0x1fff8000       0xc0 .\CortexM3\ARM_GCC_541\Debug\Cm3Start.o
                0x1fff8000                CyRamVectors

.noinit         0x1fff80c0        0x1
 *(.noinit)
 .noinit        0x1fff80c0        0x1 .\CortexM3\ARM_GCC_541\Debug\Design01.a(CyLib.o)
                0x1fff80c0                CyResetStatus

.data           0x1fff80c8       0xc0 load address 0x000033b8
                0x1fff80c8                __cy_region_start_data = .
 *(.jcr)
 .jcr           0x1fff80c8        0x0 c:/program files (x86)/cypress/psoc creator/4.4/psoc creator/import/gnu/arm/5.4.1/bin/../lib/gcc/arm-none-eabi/5.4.1/armv7-m/crtbegin.o
 .jcr           0x1fff80c8        0x4 c:/program files (x86)/cypress/psoc creator/4.4/psoc creator/import/gnu/arm/5.4.1/bin/../lib/gcc/arm-none-eabi/5.4.1/armv7-m/crtend.o
 *(.got.plt)
 *(.got)
 *(.shdata)
 *(.data .data.* .gnu.linkonce.d.*)
 .data          0x1fff80cc        0x1 .\CortexM3\ARM_GCC_541\Debug\main.o
                0x1fff80cc                OneToSend
 *fill*         0x1fff80cd        0x3 
 .data          0x1fff80d0        0x4 .\CortexM3\ARM_GCC_541\Debug\Cm3Start.o
 .data          0x1fff80d4       0x10 .\CortexM3\ARM_GCC_541\Debug\Design01.a(CyLib.o)
                0x1fff80d4                cydelay_32k_ms
                0x1fff80d8                cydelay_freq_khz
                0x1fff80dc                cydelay_freq_mhz
                0x1fff80e0                cydelay_freq_hz
 .data          0x1fff80e4        0x1 .\CortexM3\ARM_GCC_541\Debug\Design01.a(UART_1.o)
                0x1fff80e4                UART_1_rxAddressMode
 *fill*         0x1fff80e5        0x3 
 .data.impure_data
                0x1fff80e8       0x60 c:/program files (x86)/cypress/psoc creator/4.4/psoc creator/import/gnu/arm/5.4.1/bin/../lib/gcc/arm-none-eabi/5.4.1/../../../../arm-none-eabi/lib/armv7-m\libg_nano.a(lib_a-impure.o)
 .data._impure_ptr
                0x1fff8148        0x4 c:/program files (x86)/cypress/psoc creator/4.4/psoc creator/import/gnu/arm/5.4.1/bin/../lib/gcc/arm-none-eabi/5.4.1/../../../../arm-none-eabi/lib/armv7-m\libg_nano.a(lib_a-impure.o)
                0x1fff8148                _impure_ptr
 .data.lconv    0x1fff814c       0x38 c:/program files (x86)/cypress/psoc creator/4.4/psoc creator/import/gnu/arm/5.4.1/bin/../lib/gcc/arm-none-eabi/5.4.1/../../../../arm-none-eabi/lib/armv7-m\libg_nano.a(lib_a-locale.o)
                0x1fff8188                . = ALIGN (0x8)
 *fill*         0x1fff8184        0x4 
 *(.ram)
                0x1fff8188                _edata = .

.igot.plt       0x1fff8188        0x0 load address 0x00003478
 .igot.plt      0x1fff8188        0x0 c:/program files (x86)/cypress/psoc creator/4.4/psoc creator/import/gnu/arm/5.4.1/bin/../lib/gcc/arm-none-eabi/5.4.1/armv7-m/crtbegin.o

.bss            0x1fff8188     0x3238 load address 0x00003478
                0x1fff8188                PROVIDE (__bss_start__, .)
 *(.shbss)
 *(.bss .bss.* .gnu.linkonce.b.*)
 .bss           0x1fff8188       0x1c c:/program files (x86)/cypress/psoc creator/4.4/psoc creator/import/gnu/arm/5.4.1/bin/../lib/gcc/arm-none-eabi/5.4.1/armv7-m/crtbegin.o
 .bss           0x1fff81a4        0xc .\CortexM3\ARM_GCC_541\Debug\main.o
                0x1fff81a4                tc_count
                0x1fff81a8                bufferFilled
 .bss           0x1fff81b0        0x1 .\CortexM3\ARM_GCC_541\Debug\Design01.a(IDAC_1.o)
                0x1fff81b0                IDAC_1_initVar
 .bss           0x1fff81b1        0x1 .\CortexM3\ARM_GCC_541\Debug\Design01.a(TIA_1.o)
                0x1fff81b1                TIA_1_initVar
 .bss           0x1fff81b2        0x1 .\CortexM3\ARM_GCC_541\Debug\Design01.a(PGA_Inv_1.o)
                0x1fff81b2                PGA_Inv_1_initVar
 .bss           0x1fff81b3        0x1 .\CortexM3\ARM_GCC_541\Debug\Design01.a(Opamp_1.o)
                0x1fff81b3                Opamp_1_initVar
 .bss           0x1fff81b4        0xa .\CortexM3\ARM_GCC_541\Debug\Design01.a(UART_1.o)
                0x1fff81b4                UART_1_rxAddressDetected
                0x1fff81b5                UART_1_rxBufferRead
                0x1fff81b6                UART_1_rxBufferWrite
                0x1fff81b7                UART_1_rxBufferLoopDetect
                0x1fff81b8                UART_1_rxBufferOverflow
                0x1fff81b9                UART_1_errorStatus
                0x1fff81ba                UART_1_initVar
                0x1fff81bb                UART_1_txBufferRead
                0x1fff81bc                UART_1_txBufferWrite
 .bss           0x1fff81be        0x1 .\CortexM3\ARM_GCC_541\Debug\Design01.a(Timer_1.o)
                0x1fff81be                Timer_1_initVar
 *fill*         0x1fff81bf        0x1 
 .bss.__malloc_sbrk_start
                0x1fff81c0        0x4 c:/program files (x86)/cypress/psoc creator/4.4/psoc creator/import/gnu/arm/5.4.1/bin/../lib/gcc/arm-none-eabi/5.4.1/../../../../arm-none-eabi/lib/armv7-m\libg_nano.a(lib_a-nano-mallocr.o)
                0x1fff81c0                __malloc_sbrk_start
 .bss.__malloc_free_list
                0x1fff81c4        0x4 c:/program files (x86)/cypress/psoc creator/4.4/psoc creator/import/gnu/arm/5.4.1/bin/../lib/gcc/arm-none-eabi/5.4.1/../../../../arm-none-eabi/lib/armv7-m\libg_nano.a(lib_a-nano-mallocr.o)
                0x1fff81c4                __malloc_free_list
 *(COMMON)
 COMMON         0x1fff81c8     0x31e0 .\CortexM3\ARM_GCC_541\Debug\main.o
                0x1fff81c8                currentRxBuffer
                0x1fff81cc                string
                0x1fff824c                rxBuffer2
                0x1fff9af4                receivedData
                0x1fff9af8                count
                0x1fff9afc                plotBuffer
                0x1fff9b00                rxBuffer1
 COMMON         0x1fffb3a8       0x10 .\CortexM3\ARM_GCC_541\Debug\Design01.a(UART_1.o)
                0x1fffb3a8                UART_1_txBuffer
                0x1fffb3b0                UART_1_rxBuffer
 COMMON         0x1fffb3b8        0x4 c:/program files (x86)/cypress/psoc creator/4.4/psoc creator/import/gnu/arm/5.4.1/bin/../lib/gcc/arm-none-eabi/5.4.1/../../../../arm-none-eabi/lib/armv7-m\libg_nano.a(lib_a-reent.o)
                0x1fffb3b8                errno
                0x1fffb3c0                . = ALIGN (0x8)
 *fill*         0x1fffb3bc        0x4 
 *(.ram.b)
                0x1fffb3c0                _end = .
                0x1fffb3c0                __end = .
                0x1fffb3c0                PROVIDE (end, .)
                0x1fffb3c0                PROVIDE (__bss_end__, .)
                0x000033b8                __cy_region_init_ram = LOADADDR (.data)
                0x000000c0                __cy_region_init_size_ram = (_edata - ADDR (.data))
                0x00003238                __cy_region_zero_size_ram = (_end - _edata)

.heap           0x1fffb3c0       0x80 load address 0x00003478
                0x1fffb3c0                . = _end
                0x1fffb440                . = (. + 0x80)
 *fill*         0x1fffb3c0       0x80 
                0x1fffb440                __cy_heap_limit = .

.stack          0x20007800      0x800
                0x20007800                __cy_stack_limit = .
                0x20008000                . = (. + 0x800)
 *fill*         0x20007800      0x800 
                0x00000001                ASSERT ((__cy_stack_limit >= __cy_heap_limit), region RAM overflowed with stack)
                0x00000000                cy_checksum_exclude_size = (CY_APPL_LOADABLE == 0x1)?SIZEOF (.cy_checksum_exclude):0x0
                0x00000001                ASSERT ((cy_checksum_exclude_size <= CY_CHECKSUM_EXCLUDE_SIZE), CY_BOOT: Section .cy_checksum_exclude size exceedes specified limit.)

.cyloadermeta
 *(.cyloadermeta)

.cyloadablemeta
 *(.cyloadablemeta)

.cyconfigecc    0x80000000      0x7b8
 *(.cyconfigecc)
 .cyconfigecc   0x80000000      0x7b8 .\CortexM3\ARM_GCC_541\Debug\cymetadata.o
                0x80000000                cy_meta_configecc

.cycustnvl      0x90000000        0x4
 *(.cycustnvl)
 .cycustnvl     0x90000000        0x4 .\CortexM3\ARM_GCC_541\Debug\cymetadata.o
                0x90000000                cy_meta_custnvl

.cywolatch      0x90100000        0x4
 *(.cywolatch)
 .cywolatch     0x90100000        0x4 .\CortexM3\ARM_GCC_541\Debug\cymetadata.o
                0x90100000                cy_meta_wonvl

.cyeeprom       0x90200000        0x0
 *(.cyeeprom)
                0x00000001                ASSERT ((. <= ((0x90200000 + ee_offset) + ee_size)), .cyeeprom data will not fit in EEPROM)

.cyflashprotect
                0x90400000      0x100
 *(.cyflashprotect)
 .cyflashprotect
                0x90400000      0x100 .\CortexM3\ARM_GCC_541\Debug\cymetadata.o
                0x90400000                cy_meta_flashprotect

.cymeta         0x90500000        0xc
 *(.cymeta)
 .cymeta        0x90500000        0xc .\CortexM3\ARM_GCC_541\Debug\cymetadata.o
                0x90500000                cy_metadata

.rel.dyn        0x00003478        0x0 load address 0x9050000c
 .rel.iplt      0x00003478        0x0 c:/program files (x86)/cypress/psoc creator/4.4/psoc creator/import/gnu/arm/5.4.1/bin/../lib/gcc/arm-none-eabi/5.4.1/armv7-m/crtbegin.o

.stab
 *(.stab)

.stabstr
 *(.stabstr)

.debug
 *(.debug)

.line
 *(.line)

.debug_srcinfo
 *(.debug_srcinfo)

.debug_sfnames
 *(.debug_sfnames)

.debug_aranges  0x00000000      0x9d8
 *(.debug_aranges)
 .debug_aranges
                0x00000000       0x50 .\CortexM3\ARM_GCC_541\Debug\main.o
 .debug_aranges
                0x00000050       0x58 .\CortexM3\ARM_GCC_541\Debug\cyfitter_cfg.o
 .debug_aranges
                0x000000a8       0x18 .\CortexM3\ARM_GCC_541\Debug\cymetadata.o
 .debug_aranges
                0x000000c0       0x48 .\CortexM3\ARM_GCC_541\Debug\Cm3Start.o
 .debug_aranges
                0x00000108      0x2a0 .\CortexM3\ARM_GCC_541\Debug\Design01.a(CyLib.o)
 .debug_aranges
                0x000003a8       0x98 .\CortexM3\ARM_GCC_541\Debug\Design01.a(cyPm.o)
 .debug_aranges
                0x00000440       0x60 .\CortexM3\ARM_GCC_541\Debug\Design01.a(IDAC_1.o)
 .debug_aranges
                0x000004a0       0x50 .\CortexM3\ARM_GCC_541\Debug\Design01.a(TIA_1.o)
 .debug_aranges
                0x000004f0       0x48 .\CortexM3\ARM_GCC_541\Debug\Design01.a(PGA_Inv_1.o)
 .debug_aranges
                0x00000538       0x40 .\CortexM3\ARM_GCC_541\Debug\Design01.a(Opamp_1.o)
 .debug_aranges
                0x00000578       0xf0 .\CortexM3\ARM_GCC_541\Debug\Design01.a(UART_1.o)
 .debug_aranges
                0x00000668       0x28 .\CortexM3\ARM_GCC_541\Debug\Design01.a(UART_1_INT.o)
 .debug_aranges
                0x00000690       0x70 .\CortexM3\ARM_GCC_541\Debug\Design01.a(UART_1_IntClock.o)
 .debug_aranges
                0x00000700       0x80 .\CortexM3\ARM_GCC_541\Debug\Design01.a(isr_1.o)
 .debug_aranges
                0x00000780       0x90 .\CortexM3\ARM_GCC_541\Debug\Design01.a(Timer_1.o)
 .debug_aranges
                0x00000810       0x80 .\CortexM3\ARM_GCC_541\Debug\Design01.a(isr_timer.o)
 .debug_aranges
                0x00000890       0x20 .\CortexM3\ARM_GCC_541\Debug\Design01.a(CyBootAsmGnu.o)
 .debug_aranges
                0x000008b0       0x88 .\CortexM3\ARM_GCC_541\Debug\Design01.a(CyFlash.o)
 .debug_aranges
                0x00000938       0x80 .\CortexM3\ARM_GCC_541\Debug\Design01.a(CySpc.o)
 .debug_aranges
                0x000009b8       0x20 .\CortexM3\ARM_GCC_541\Debug\Design01.a(cyutils.o)

.debug_pubnames
 *(.debug_pubnames)

.debug_info     0x00000000     0x56b6
 *(.debug_info .gnu.linkonce.wi.*)
 .debug_info    0x00000000      0x4ce .\CortexM3\ARM_GCC_541\Debug\main.o
 .debug_info    0x000004ce      0x5df .\CortexM3\ARM_GCC_541\Debug\cyfitter_cfg.o
 .debug_info    0x00000aad      0x139 .\CortexM3\ARM_GCC_541\Debug\cymetadata.o
 .debug_info    0x00000be6      0x3bb .\CortexM3\ARM_GCC_541\Debug\Cm3Start.o
 .debug_info    0x00000fa1     0x1374 .\CortexM3\ARM_GCC_541\Debug\Design01.a(CyLib.o)
 .debug_info    0x00002315      0xa2a .\CortexM3\ARM_GCC_541\Debug\Design01.a(cyPm.o)
 .debug_info    0x00002d3f      0x209 .\CortexM3\ARM_GCC_541\Debug\Design01.a(IDAC_1.o)
 .debug_info    0x00002f48      0x1d5 .\CortexM3\ARM_GCC_541\Debug\Design01.a(TIA_1.o)
 .debug_info    0x0000311d      0x1d4 .\CortexM3\ARM_GCC_541\Debug\Design01.a(PGA_Inv_1.o)
 .debug_info    0x000032f1      0x151 .\CortexM3\ARM_GCC_541\Debug\Design01.a(Opamp_1.o)
 .debug_info    0x00003442      0x841 .\CortexM3\ARM_GCC_541\Debug\Design01.a(UART_1.o)
 .debug_info    0x00003c83      0x19e .\CortexM3\ARM_GCC_541\Debug\Design01.a(UART_1_INT.o)
 .debug_info    0x00003e21      0x283 .\CortexM3\ARM_GCC_541\Debug\Design01.a(UART_1_IntClock.o)
 .debug_info    0x000040a4      0x2d2 .\CortexM3\ARM_GCC_541\Debug\Design01.a(isr_1.o)
 .debug_info    0x00004376      0x332 .\CortexM3\ARM_GCC_541\Debug\Design01.a(Timer_1.o)
 .debug_info    0x000046a8      0x2d2 .\CortexM3\ARM_GCC_541\Debug\Design01.a(isr_timer.o)
 .debug_info    0x0000497a       0xb1 .\CortexM3\ARM_GCC_541\Debug\Design01.a(CyBootAsmGnu.o)
 .debug_info    0x00004a2b      0x64d .\CortexM3\ARM_GCC_541\Debug\Design01.a(CyFlash.o)
 .debug_info    0x00005078      0x550 .\CortexM3\ARM_GCC_541\Debug\Design01.a(CySpc.o)
 .debug_info    0x000055c8       0xee .\CortexM3\ARM_GCC_541\Debug\Design01.a(cyutils.o)

.debug_abbrev   0x00000000     0x18d1
 *(.debug_abbrev)
 .debug_abbrev  0x00000000      0x15a .\CortexM3\ARM_GCC_541\Debug\main.o
 .debug_abbrev  0x0000015a      0x20d .\CortexM3\ARM_GCC_541\Debug\cyfitter_cfg.o
 .debug_abbrev  0x00000367       0x77 .\CortexM3\ARM_GCC_541\Debug\cymetadata.o
 .debug_abbrev  0x000003de      0x1e8 .\CortexM3\ARM_GCC_541\Debug\Cm3Start.o
 .debug_abbrev  0x000005c6      0x254 .\CortexM3\ARM_GCC_541\Debug\Design01.a(CyLib.o)
 .debug_abbrev  0x0000081a      0x1ab .\CortexM3\ARM_GCC_541\Debug\Design01.a(cyPm.o)
 .debug_abbrev  0x000009c5      0x106 .\CortexM3\ARM_GCC_541\Debug\Design01.a(IDAC_1.o)
 .debug_abbrev  0x00000acb       0xf7 .\CortexM3\ARM_GCC_541\Debug\Design01.a(TIA_1.o)
 .debug_abbrev  0x00000bc2      0x105 .\CortexM3\ARM_GCC_541\Debug\Design01.a(PGA_Inv_1.o)
 .debug_abbrev  0x00000cc7       0xb2 .\CortexM3\ARM_GCC_541\Debug\Design01.a(Opamp_1.o)
 .debug_abbrev  0x00000d79      0x16f .\CortexM3\ARM_GCC_541\Debug\Design01.a(UART_1.o)
 .debug_abbrev  0x00000ee8       0xa2 .\CortexM3\ARM_GCC_541\Debug\Design01.a(UART_1_INT.o)
 .debug_abbrev  0x00000f8a      0x139 .\CortexM3\ARM_GCC_541\Debug\Design01.a(UART_1_IntClock.o)
 .debug_abbrev  0x000010c3      0x173 .\CortexM3\ARM_GCC_541\Debug\Design01.a(isr_1.o)
 .debug_abbrev  0x00001236      0x14b .\CortexM3\ARM_GCC_541\Debug\Design01.a(Timer_1.o)
 .debug_abbrev  0x00001381      0x173 .\CortexM3\ARM_GCC_541\Debug\Design01.a(isr_timer.o)
 .debug_abbrev  0x000014f4       0x14 .\CortexM3\ARM_GCC_541\Debug\Design01.a(CyBootAsmGnu.o)
 .debug_abbrev  0x00001508      0x1a7 .\CortexM3\ARM_GCC_541\Debug\Design01.a(CyFlash.o)
 .debug_abbrev  0x000016af      0x194 .\CortexM3\ARM_GCC_541\Debug\Design01.a(CySpc.o)
 .debug_abbrev  0x00001843       0x8e .\CortexM3\ARM_GCC_541\Debug\Design01.a(cyutils.o)

.debug_line     0x00000000     0x2545
 *(.debug_line)
 .debug_line    0x00000000      0x26e .\CortexM3\ARM_GCC_541\Debug\main.o
 .debug_line    0x0000026e      0x205 .\CortexM3\ARM_GCC_541\Debug\cyfitter_cfg.o
 .debug_line    0x00000473      0x141 .\CortexM3\ARM_GCC_541\Debug\cymetadata.o
 .debug_line    0x000005b4      0x234 .\CortexM3\ARM_GCC_541\Debug\Cm3Start.o
 .debug_line    0x000007e8      0x816 .\CortexM3\ARM_GCC_541\Debug\Design01.a(CyLib.o)
 .debug_line    0x00000ffe      0x367 .\CortexM3\ARM_GCC_541\Debug\Design01.a(cyPm.o)
 .debug_line    0x00001365       0xf9 .\CortexM3\ARM_GCC_541\Debug\Design01.a(IDAC_1.o)
 .debug_line    0x0000145e       0xd7 .\CortexM3\ARM_GCC_541\Debug\Design01.a(TIA_1.o)
 .debug_line    0x00001535       0xcf .\CortexM3\ARM_GCC_541\Debug\Design01.a(PGA_Inv_1.o)
 .debug_line    0x00001604       0xaa .\CortexM3\ARM_GCC_541\Debug\Design01.a(Opamp_1.o)
 .debug_line    0x000016ae      0x34d .\CortexM3\ARM_GCC_541\Debug\Design01.a(UART_1.o)
 .debug_line    0x000019fb       0xb2 .\CortexM3\ARM_GCC_541\Debug\Design01.a(UART_1_INT.o)
 .debug_line    0x00001aad      0x17e .\CortexM3\ARM_GCC_541\Debug\Design01.a(UART_1_IntClock.o)
 .debug_line    0x00001c2b      0x132 .\CortexM3\ARM_GCC_541\Debug\Design01.a(isr_1.o)
 .debug_line    0x00001d5d      0x172 .\CortexM3\ARM_GCC_541\Debug\Design01.a(Timer_1.o)
 .debug_line    0x00001ecf      0x136 .\CortexM3\ARM_GCC_541\Debug\Design01.a(isr_timer.o)
 .debug_line    0x00002005       0x66 .\CortexM3\ARM_GCC_541\Debug\Design01.a(CyBootAsmGnu.o)
 .debug_line    0x0000206b      0x21a .\CortexM3\ARM_GCC_541\Debug\Design01.a(CyFlash.o)
 .debug_line    0x00002285      0x260 .\CortexM3\ARM_GCC_541\Debug\Design01.a(CySpc.o)
 .debug_line    0x000024e5       0x60 .\CortexM3\ARM_GCC_541\Debug\Design01.a(cyutils.o)

.debug_frame    0x00000000     0x1eb8
 *(.debug_frame)
 .debug_frame   0x00000000       0xd4 .\CortexM3\ARM_GCC_541\Debug\main.o
 .debug_frame   0x000000d4       0xe4 .\CortexM3\ARM_GCC_541\Debug\cyfitter_cfg.o
 .debug_frame   0x000001b8       0xb8 .\CortexM3\ARM_GCC_541\Debug\Cm3Start.o
 .debug_frame   0x00000270      0x738 .\CortexM3\ARM_GCC_541\Debug\Design01.a(CyLib.o)
 .debug_frame   0x000009a8      0x1f8 .\CortexM3\ARM_GCC_541\Debug\Design01.a(cyPm.o)
 .debug_frame   0x00000ba0       0xd0 .\CortexM3\ARM_GCC_541\Debug\Design01.a(IDAC_1.o)
 .debug_frame   0x00000c70       0x98 .\CortexM3\ARM_GCC_541\Debug\Design01.a(TIA_1.o)
 .debug_frame   0x00000d08       0x9c .\CortexM3\ARM_GCC_541\Debug\Design01.a(PGA_Inv_1.o)
 .debug_frame   0x00000da4       0x78 .\CortexM3\ARM_GCC_541\Debug\Design01.a(Opamp_1.o)
 .debug_frame   0x00000e1c      0x268 .\CortexM3\ARM_GCC_541\Debug\Design01.a(UART_1.o)
 .debug_frame   0x00001084       0x3c .\CortexM3\ARM_GCC_541\Debug\Design01.a(UART_1_INT.o)
 .debug_frame   0x000010c0       0xe0 .\CortexM3\ARM_GCC_541\Debug\Design01.a(UART_1_IntClock.o)
 .debug_frame   0x000011a0      0x104 .\CortexM3\ARM_GCC_541\Debug\Design01.a(isr_1.o)
 .debug_frame   0x000012a4      0x13c .\CortexM3\ARM_GCC_541\Debug\Design01.a(Timer_1.o)
 .debug_frame   0x000013e0      0x104 .\CortexM3\ARM_GCC_541\Debug\Design01.a(isr_timer.o)
 .debug_frame   0x000014e4      0x194 .\CortexM3\ARM_GCC_541\Debug\Design01.a(CyFlash.o)
 .debug_frame   0x00001678      0x180 .\CortexM3\ARM_GCC_541\Debug\Design01.a(CySpc.o)
 .debug_frame   0x000017f8       0x20 .\CortexM3\ARM_GCC_541\Debug\Design01.a(cyutils.o)
 .debug_frame   0x00001818       0x20 c:/program files (x86)/cypress/psoc creator/4.4/psoc creator/import/gnu/arm/5.4.1/bin/../lib/gcc/arm-none-eabi/5.4.1/../../../../arm-none-eabi/lib/armv7-m\libg_nano.a(lib_a-errno.o)
 .debug_frame   0x00001838       0x28 c:/program files (x86)/cypress/psoc creator/4.4/psoc creator/import/gnu/arm/5.4.1/bin/../lib/gcc/arm-none-eabi/5.4.1/../../../../arm-none-eabi/lib/armv7-m\libg_nano.a(lib_a-exit.o)
 .debug_frame   0x00001860       0x2c c:/program files (x86)/cypress/psoc creator/4.4/psoc creator/import/gnu/arm/5.4.1/bin/../lib/gcc/arm-none-eabi/5.4.1/../../../../arm-none-eabi/lib/armv7-m\libg_nano.a(lib_a-init.o)
 .debug_frame   0x0000188c       0x28 c:/program files (x86)/cypress/psoc creator/4.4/psoc creator/import/gnu/arm/5.4.1/bin/../lib/gcc/arm-none-eabi/5.4.1/../../../../arm-none-eabi/lib/armv7-m\libg_nano.a(lib_a-memcpy-stub.o)
 .debug_frame   0x000018b4       0x20 c:/program files (x86)/cypress/psoc creator/4.4/psoc creator/import/gnu/arm/5.4.1/bin/../lib/gcc/arm-none-eabi/5.4.1/../../../../arm-none-eabi/lib/armv7-m\libg_nano.a(lib_a-memset.o)
 .debug_frame   0x000018d4       0x8c c:/program files (x86)/cypress/psoc creator/4.4/psoc creator/import/gnu/arm/5.4.1/bin/../lib/gcc/arm-none-eabi/5.4.1/../../../../arm-none-eabi/lib/armv7-m\libg_nano.a(lib_a-nano-vfprintf_float.o)
 .debug_frame   0x00001960       0x60 c:/program files (x86)/cypress/psoc creator/4.4/psoc creator/import/gnu/arm/5.4.1/bin/../lib/gcc/arm-none-eabi/5.4.1/../../../../arm-none-eabi/lib/armv7-m\libg_nano.a(lib_a-nano-vfprintf_i.o)
 .debug_frame   0x000019c0       0x6c c:/program files (x86)/cypress/psoc creator/4.4/psoc creator/import/gnu/arm/5.4.1/bin/../lib/gcc/arm-none-eabi/5.4.1/../../../../arm-none-eabi/lib/armv7-m\libg_nano.a(lib_a-dtoa.o)
 .debug_frame   0x00001a2c       0x98 c:/program files (x86)/cypress/psoc creator/4.4/psoc creator/import/gnu/arm/5.4.1/bin/../lib/gcc/arm-none-eabi/5.4.1/../../../../arm-none-eabi/lib/armv7-m\libg_nano.a(lib_a-locale.o)
 .debug_frame   0x00001ac4       0x30 c:/program files (x86)/cypress/psoc creator/4.4/psoc creator/import/gnu/arm/5.4.1/bin/../lib/gcc/arm-none-eabi/5.4.1/../../../../arm-none-eabi/lib/armv7-m\libg_nano.a(lib_a-malloc.o)
 .debug_frame   0x00001af4       0x28 c:/program files (x86)/cypress/psoc creator/4.4/psoc creator/import/gnu/arm/5.4.1/bin/../lib/gcc/arm-none-eabi/5.4.1/../../../../arm-none-eabi/lib/armv7-m\libg_nano.a(lib_a-memchr-stub.o)
 .debug_frame   0x00001b1c      0x234 c:/program files (x86)/cypress/psoc creator/4.4/psoc creator/import/gnu/arm/5.4.1/bin/../lib/gcc/arm-none-eabi/5.4.1/../../../../arm-none-eabi/lib/armv7-m\libg_nano.a(lib_a-mprec.o)
 .debug_frame   0x00001d50       0x2c c:/program files (x86)/cypress/psoc creator/4.4/psoc creator/import/gnu/arm/5.4.1/bin/../lib/gcc/arm-none-eabi/5.4.1/../../../../arm-none-eabi/lib/armv7-m\libg_nano.a(lib_a-nano-callocr.o)
 .debug_frame   0x00001d7c       0x38 c:/program files (x86)/cypress/psoc creator/4.4/psoc creator/import/gnu/arm/5.4.1/bin/../lib/gcc/arm-none-eabi/5.4.1/../../../../arm-none-eabi/lib/armv7-m\libg_nano.a(lib_a-nano-freer.o)
 .debug_frame   0x00001db4       0x2c c:/program files (x86)/cypress/psoc creator/4.4/psoc creator/import/gnu/arm/5.4.1/bin/../lib/gcc/arm-none-eabi/5.4.1/../../../../arm-none-eabi/lib/armv7-m\libg_nano.a(lib_a-nano-mallocr.o)
 .debug_frame   0x00001de0       0x2c c:/program files (x86)/cypress/psoc creator/4.4/psoc creator/import/gnu/arm/5.4.1/bin/../lib/gcc/arm-none-eabi/5.4.1/../../../../arm-none-eabi/lib/armv7-m\libg_nano.a(lib_a-sbrkr.o)
 .debug_frame   0x00001e0c       0x20 c:/program files (x86)/cypress/psoc creator/4.4/psoc creator/import/gnu/arm/5.4.1/bin/../lib/gcc/arm-none-eabi/5.4.1/../../../../arm-none-eabi/lib/armv7-m\libg_nano.a(lib_a-strcmp.o)
 .debug_frame   0x00001e2c       0x30 c:/program files (x86)/cypress/psoc creator/4.4/psoc creator/import/gnu/arm/5.4.1/bin/../lib/gcc/arm-none-eabi/5.4.1/../../../../arm-none-eabi/lib/armv7-m\libg_nano.a(lib_a-mlock.o)
 .debug_frame   0x00001e5c       0x5c c:/program files (x86)/cypress/psoc creator/4.4/psoc creator/import/gnu/arm/5.4.1/bin/../lib/gcc/arm-none-eabi/5.4.1/../../../../arm-none-eabi/lib/armv7-m\libg_nano.a(lib_a-reent.o)

.debug_str      0x00000000     0x2079
 *(.debug_str)
 .debug_str     0x00000000      0x3d8 .\CortexM3\ARM_GCC_541\Debug\main.o
                                0x437 (size before relaxing)
 .debug_str     0x000003d8      0x1b6 .\CortexM3\ARM_GCC_541\Debug\cyfitter_cfg.o
                                0x365 (size before relaxing)
 .debug_str     0x0000058e       0x75 .\CortexM3\ARM_GCC_541\Debug\cymetadata.o
                                0x205 (size before relaxing)
 .debug_str     0x00000603      0x144 .\CortexM3\ARM_GCC_541\Debug\Cm3Start.o
                                0x32b (size before relaxing)
 .debug_str     0x00000747      0x83b .\CortexM3\ARM_GCC_541\Debug\Design01.a(CyLib.o)
                                0xa68 (size before relaxing)
 .debug_str     0x00000f82      0x365 .\CortexM3\ARM_GCC_541\Debug\Design01.a(cyPm.o)
                                0x754 (size before relaxing)
 .debug_str     0x000012e7       0xac .\CortexM3\ARM_GCC_541\Debug\Design01.a(IDAC_1.o)
                                0x266 (size before relaxing)
 .debug_str     0x00001393       0xa3 .\CortexM3\ARM_GCC_541\Debug\Design01.a(TIA_1.o)
                                0x256 (size before relaxing)
 .debug_str     0x00001436       0xb5 .\CortexM3\ARM_GCC_541\Debug\Design01.a(PGA_Inv_1.o)
                                0x278 (size before relaxing)
 .debug_str     0x000014eb       0x6b .\CortexM3\ARM_GCC_541\Debug\Design01.a(Opamp_1.o)
                                0x226 (size before relaxing)
 .debug_str     0x00001556      0x3a9 .\CortexM3\ARM_GCC_541\Debug\Design01.a(UART_1.o)
                                0x63f (size before relaxing)
 .debug_str     0x000018ff       0x64 .\CortexM3\ARM_GCC_541\Debug\Design01.a(UART_1_INT.o)
                                0x2f0 (size before relaxing)
 .debug_str     0x00001963      0x197 .\CortexM3\ARM_GCC_541\Debug\Design01.a(UART_1_IntClock.o)
                                0x36f (size before relaxing)
 .debug_str     0x00001afa       0xc5 .\CortexM3\ARM_GCC_541\Debug\Design01.a(isr_1.o)
                                0x2c7 (size before relaxing)
 .debug_str     0x00001bbf      0x130 .\CortexM3\ARM_GCC_541\Debug\Design01.a(Timer_1.o)
                                0x38b (size before relaxing)
 .debug_str     0x00001cef       0xf5 .\CortexM3\ARM_GCC_541\Debug\Design01.a(isr_timer.o)
                                0x2ff (size before relaxing)
 .debug_str     0x00001de4      0x1bb .\CortexM3\ARM_GCC_541\Debug\Design01.a(CyFlash.o)
                                0x3e1 (size before relaxing)
 .debug_str     0x00001f9f       0xac .\CortexM3\ARM_GCC_541\Debug\Design01.a(CySpc.o)
                                0x359 (size before relaxing)
 .debug_str     0x0000204b       0x2e .\CortexM3\ARM_GCC_541\Debug\Design01.a(cyutils.o)
                                0x1d3 (size before relaxing)

.debug_loc      0x00000000     0x22cd
 *(.debug_loc)
 .debug_loc     0x00000000       0x32 .\CortexM3\ARM_GCC_541\Debug\main.o
 .debug_loc     0x00000032      0x25a .\CortexM3\ARM_GCC_541\Debug\cyfitter_cfg.o
 .debug_loc     0x0000028c      0x144 .\CortexM3\ARM_GCC_541\Debug\Cm3Start.o
 .debug_loc     0x000003d0      0xa11 .\CortexM3\ARM_GCC_541\Debug\Design01.a(CyLib.o)
 .debug_loc     0x00000de1      0x1e4 .\CortexM3\ARM_GCC_541\Debug\Design01.a(cyPm.o)
 .debug_loc     0x00000fc5       0x76 .\CortexM3\ARM_GCC_541\Debug\Design01.a(IDAC_1.o)
 .debug_loc     0x0000103b       0x81 .\CortexM3\ARM_GCC_541\Debug\Design01.a(TIA_1.o)
 .debug_loc     0x000010bc       0x60 .\CortexM3\ARM_GCC_541\Debug\Design01.a(PGA_Inv_1.o)
 .debug_loc     0x0000111c       0x21 .\CortexM3\ARM_GCC_541\Debug\Design01.a(Opamp_1.o)
 .debug_loc     0x0000113d      0x3e5 .\CortexM3\ARM_GCC_541\Debug\Design01.a(UART_1.o)
 .debug_loc     0x00001522       0x94 .\CortexM3\ARM_GCC_541\Debug\Design01.a(UART_1_INT.o)
 .debug_loc     0x000015b6      0x128 .\CortexM3\ARM_GCC_541\Debug\Design01.a(UART_1_IntClock.o)
 .debug_loc     0x000016de       0x56 .\CortexM3\ARM_GCC_541\Debug\Design01.a(isr_1.o)
 .debug_loc     0x00001734       0x6b .\CortexM3\ARM_GCC_541\Debug\Design01.a(Timer_1.o)
 .debug_loc     0x0000179f       0x56 .\CortexM3\ARM_GCC_541\Debug\Design01.a(isr_timer.o)
 .debug_loc     0x000017f5      0x3b2 .\CortexM3\ARM_GCC_541\Debug\Design01.a(CyFlash.o)
 .debug_loc     0x00001ba7      0x705 .\CortexM3\ARM_GCC_541\Debug\Design01.a(CySpc.o)
 .debug_loc     0x000022ac       0x21 .\CortexM3\ARM_GCC_541\Debug\Design01.a(cyutils.o)

.debug_macinfo
 *(.debug_macinfo)

.debug_ranges   0x00000000      0x880
 *(.debug_ranges)
 .debug_ranges  0x00000000       0x40 .\CortexM3\ARM_GCC_541\Debug\main.o
 .debug_ranges  0x00000040       0x48 .\CortexM3\ARM_GCC_541\Debug\cyfitter_cfg.o
 .debug_ranges  0x00000088       0x38 .\CortexM3\ARM_GCC_541\Debug\Cm3Start.o
 .debug_ranges  0x000000c0      0x290 .\CortexM3\ARM_GCC_541\Debug\Design01.a(CyLib.o)
 .debug_ranges  0x00000350       0x88 .\CortexM3\ARM_GCC_541\Debug\Design01.a(cyPm.o)
 .debug_ranges  0x000003d8       0x50 .\CortexM3\ARM_GCC_541\Debug\Design01.a(IDAC_1.o)
 .debug_ranges  0x00000428       0x40 .\CortexM3\ARM_GCC_541\Debug\Design01.a(TIA_1.o)
 .debug_ranges  0x00000468       0x38 .\CortexM3\ARM_GCC_541\Debug\Design01.a(PGA_Inv_1.o)
 .debug_ranges  0x000004a0       0x30 .\CortexM3\ARM_GCC_541\Debug\Design01.a(Opamp_1.o)
 .debug_ranges  0x000004d0       0xe0 .\CortexM3\ARM_GCC_541\Debug\Design01.a(UART_1.o)
 .debug_ranges  0x000005b0       0x18 .\CortexM3\ARM_GCC_541\Debug\Design01.a(UART_1_INT.o)
 .debug_ranges  0x000005c8       0x60 .\CortexM3\ARM_GCC_541\Debug\Design01.a(UART_1_IntClock.o)
 .debug_ranges  0x00000628       0x70 .\CortexM3\ARM_GCC_541\Debug\Design01.a(isr_1.o)
 .debug_ranges  0x00000698       0x80 .\CortexM3\ARM_GCC_541\Debug\Design01.a(Timer_1.o)
 .debug_ranges  0x00000718       0x70 .\CortexM3\ARM_GCC_541\Debug\Design01.a(isr_timer.o)
 .debug_ranges  0x00000788       0x78 .\CortexM3\ARM_GCC_541\Debug\Design01.a(CyFlash.o)
 .debug_ranges  0x00000800       0x70 .\CortexM3\ARM_GCC_541\Debug\Design01.a(CySpc.o)
 .debug_ranges  0x00000870       0x10 .\CortexM3\ARM_GCC_541\Debug\Design01.a(cyutils.o)

.comment        0x00000000       0x6e
 .comment       0x00000000       0x6e .\CortexM3\ARM_GCC_541\Debug\main.o
                                 0x6f (size before relaxing)
 .comment       0x0000006e       0x6f .\CortexM3\ARM_GCC_541\Debug\cyfitter_cfg.o
 .comment       0x0000006e       0x6f .\CortexM3\ARM_GCC_541\Debug\cymetadata.o
 .comment       0x0000006e       0x6f .\CortexM3\ARM_GCC_541\Debug\Cm3Start.o
 .comment       0x0000006e       0x6f .\CortexM3\ARM_GCC_541\Debug\Design01.a(CyLib.o)
 .comment       0x0000006e       0x6f .\CortexM3\ARM_GCC_541\Debug\Design01.a(cyPm.o)
 .comment       0x0000006e       0x6f .\CortexM3\ARM_GCC_541\Debug\Design01.a(IDAC_1.o)
 .comment       0x0000006e       0x6f .\CortexM3\ARM_GCC_541\Debug\Design01.a(TIA_1.o)
 .comment       0x0000006e       0x6f .\CortexM3\ARM_GCC_541\Debug\Design01.a(PGA_Inv_1.o)
 .comment       0x0000006e       0x6f .\CortexM3\ARM_GCC_541\Debug\Design01.a(Opamp_1.o)
 .comment       0x0000006e       0x6f .\CortexM3\ARM_GCC_541\Debug\Design01.a(UART_1.o)
 .comment       0x0000006e       0x6f .\CortexM3\ARM_GCC_541\Debug\Design01.a(UART_1_INT.o)
 .comment       0x0000006e       0x6f .\CortexM3\ARM_GCC_541\Debug\Design01.a(UART_1_IntClock.o)
 .comment       0x0000006e       0x6f .\CortexM3\ARM_GCC_541\Debug\Design01.a(isr_1.o)
 .comment       0x0000006e       0x6f .\CortexM3\ARM_GCC_541\Debug\Design01.a(Timer_1.o)
 .comment       0x0000006e       0x6f .\CortexM3\ARM_GCC_541\Debug\Design01.a(isr_timer.o)
 .comment       0x0000006e       0x6f .\CortexM3\ARM_GCC_541\Debug\Design01.a(CyFlash.o)
 .comment       0x0000006e       0x6f .\CortexM3\ARM_GCC_541\Debug\Design01.a(CySpc.o)
 .comment       0x0000006e       0x6f .\CortexM3\ARM_GCC_541\Debug\Design01.a(cyutils.o)

.debug_weaknames
 *(.debug_weaknames)

.debug_funcnames
 *(.debug_funcnames)

.debug_typenames
 *(.debug_typenames)

.debug_varnames
 *(.debug_varnames)

.note.gnu.arm.ident
 *(.note.gnu.arm.ident)

.ARM.attributes
                0x00000000       0x29
 *(.ARM.attributes)
 .ARM.attributes
                0x00000000       0x1d c:/program files (x86)/cypress/psoc creator/4.4/psoc creator/import/gnu/arm/5.4.1/bin/../lib/gcc/arm-none-eabi/5.4.1/armv7-m/crti.o
 .ARM.attributes
                0x0000001d       0x2d c:/program files (x86)/cypress/psoc creator/4.4/psoc creator/import/gnu/arm/5.4.1/bin/../lib/gcc/arm-none-eabi/5.4.1/armv7-m/crtbegin.o
 .ARM.attributes
                0x0000004a       0x1b c:/program files (x86)/cypress/psoc creator/4.4/psoc creator/import/gnu/arm/5.4.1/bin/../lib/gcc/arm-none-eabi/5.4.1/../../../../arm-none-eabi/lib/armv7-m/crt0.o
 .ARM.attributes
                0x00000065       0x33 .\CortexM3\ARM_GCC_541\Debug\main.o
 .ARM.attributes
                0x00000098       0x33 .\CortexM3\ARM_GCC_541\Debug\cyfitter_cfg.o
 .ARM.attributes
                0x000000cb       0x33 .\CortexM3\ARM_GCC_541\Debug\cymetadata.o
 .ARM.attributes
                0x000000fe       0x33 .\CortexM3\ARM_GCC_541\Debug\Cm3Start.o
 .ARM.attributes
                0x00000131       0x33 .\CortexM3\ARM_GCC_541\Debug\Design01.a(CyLib.o)
 .ARM.attributes
                0x00000164       0x33 .\CortexM3\ARM_GCC_541\Debug\Design01.a(cyPm.o)
 .ARM.attributes
                0x00000197       0x33 .\CortexM3\ARM_GCC_541\Debug\Design01.a(IDAC_1.o)
 .ARM.attributes
                0x000001ca       0x33 .\CortexM3\ARM_GCC_541\Debug\Design01.a(TIA_1.o)
 .ARM.attributes
                0x000001fd       0x33 .\CortexM3\ARM_GCC_541\Debug\Design01.a(PGA_Inv_1.o)
 .ARM.attributes
                0x00000230       0x33 .\CortexM3\ARM_GCC_541\Debug\Design01.a(Opamp_1.o)
 .ARM.attributes
                0x00000263       0x33 .\CortexM3\ARM_GCC_541\Debug\Design01.a(UART_1.o)
 .ARM.attributes
                0x00000296       0x33 .\CortexM3\ARM_GCC_541\Debug\Design01.a(UART_1_INT.o)
 .ARM.attributes
                0x000002c9       0x33 .\CortexM3\ARM_GCC_541\Debug\Design01.a(UART_1_IntClock.o)
 .ARM.attributes
                0x000002fc       0x33 .\CortexM3\ARM_GCC_541\Debug\Design01.a(isr_1.o)
 .ARM.attributes
                0x0000032f       0x33 .\CortexM3\ARM_GCC_541\Debug\Design01.a(Timer_1.o)
 .ARM.attributes
                0x00000362       0x33 .\CortexM3\ARM_GCC_541\Debug\Design01.a(isr_timer.o)
 .ARM.attributes
                0x00000395       0x21 .\CortexM3\ARM_GCC_541\Debug\Design01.a(CyBootAsmGnu.o)
 .ARM.attributes
                0x000003b6       0x33 .\CortexM3\ARM_GCC_541\Debug\Design01.a(CyFlash.o)
 .ARM.attributes
                0x000003e9       0x33 .\CortexM3\ARM_GCC_541\Debug\Design01.a(CySpc.o)
 .ARM.attributes
                0x0000041c       0x33 .\CortexM3\ARM_GCC_541\Debug\Design01.a(cyutils.o)
 .ARM.attributes
                0x0000044f       0x2d c:/program files (x86)/cypress/psoc creator/4.4/psoc creator/import/gnu/arm/5.4.1/bin/../lib/gcc/arm-none-eabi/5.4.1/../../../../arm-none-eabi/lib/armv7-m\libg_nano.a(lib_a-errno.o)
 .ARM.attributes
                0x0000047c       0x2d c:/program files (x86)/cypress/psoc creator/4.4/psoc creator/import/gnu/arm/5.4.1/bin/../lib/gcc/arm-none-eabi/5.4.1/../../../../arm-none-eabi/lib/armv7-m\libg_nano.a(lib_a-exit.o)
 .ARM.attributes
                0x000004a9       0x2d c:/program files (x86)/cypress/psoc creator/4.4/psoc creator/import/gnu/arm/5.4.1/bin/../lib/gcc/arm-none-eabi/5.4.1/../../../../arm-none-eabi/lib/armv7-m\libg_nano.a(lib_a-impure.o)
 .ARM.attributes
                0x000004d6       0x2d c:/program files (x86)/cypress/psoc creator/4.4/psoc creator/import/gnu/arm/5.4.1/bin/../lib/gcc/arm-none-eabi/5.4.1/../../../../arm-none-eabi/lib/armv7-m\libg_nano.a(lib_a-init.o)
 .ARM.attributes
                0x00000503       0x2d c:/program files (x86)/cypress/psoc creator/4.4/psoc creator/import/gnu/arm/5.4.1/bin/../lib/gcc/arm-none-eabi/5.4.1/../../../../arm-none-eabi/lib/armv7-m\libg_nano.a(lib_a-memcpy-stub.o)
 .ARM.attributes
                0x00000530       0x2d c:/program files (x86)/cypress/psoc creator/4.4/psoc creator/import/gnu/arm/5.4.1/bin/../lib/gcc/arm-none-eabi/5.4.1/../../../../arm-none-eabi/lib/armv7-m\libg_nano.a(lib_a-memset.o)
 .ARM.attributes
                0x0000055d       0x2d c:/program files (x86)/cypress/psoc creator/4.4/psoc creator/import/gnu/arm/5.4.1/bin/../lib/gcc/arm-none-eabi/5.4.1/../../../../arm-none-eabi/lib/armv7-m\libg_nano.a(lib_a-nano-vfprintf_float.o)
 .ARM.attributes
                0x0000058a       0x2d c:/program files (x86)/cypress/psoc creator/4.4/psoc creator/import/gnu/arm/5.4.1/bin/../lib/gcc/arm-none-eabi/5.4.1/../../../../arm-none-eabi/lib/armv7-m\libg_nano.a(lib_a-nano-vfprintf_i.o)
 .ARM.attributes
                0x000005b7       0x17 c:/program files (x86)/cypress/psoc creator/4.4/psoc creator/import/gnu/arm/5.4.1/bin/../lib/gcc/arm-none-eabi/5.4.1/../../../../arm-none-eabi/lib/armv7-m\libg_nano.a(lib_a-strlen.o)
 .ARM.attributes
                0x000005ce       0x2d c:/program files (x86)/cypress/psoc creator/4.4/psoc creator/import/gnu/arm/5.4.1/bin/../lib/gcc/arm-none-eabi/5.4.1/../../../../arm-none-eabi/lib/armv7-m\libg_nano.a(lib_a-dtoa.o)
 .ARM.attributes
                0x000005fb       0x2d c:/program files (x86)/cypress/psoc creator/4.4/psoc creator/import/gnu/arm/5.4.1/bin/../lib/gcc/arm-none-eabi/5.4.1/../../../../arm-none-eabi/lib/armv7-m\libg_nano.a(lib_a-locale.o)
 .ARM.attributes
                0x00000628       0x2d c:/program files (x86)/cypress/psoc creator/4.4/psoc creator/import/gnu/arm/5.4.1/bin/../lib/gcc/arm-none-eabi/5.4.1/../../../../arm-none-eabi/lib/armv7-m\libg_nano.a(lib_a-malloc.o)
 .ARM.attributes
                0x00000655       0x2d c:/program files (x86)/cypress/psoc creator/4.4/psoc creator/import/gnu/arm/5.4.1/bin/../lib/gcc/arm-none-eabi/5.4.1/../../../../arm-none-eabi/lib/armv7-m\libg_nano.a(lib_a-memchr-stub.o)
 .ARM.attributes
                0x00000682       0x2d c:/program files (x86)/cypress/psoc creator/4.4/psoc creator/import/gnu/arm/5.4.1/bin/../lib/gcc/arm-none-eabi/5.4.1/../../../../arm-none-eabi/lib/armv7-m\libg_nano.a(lib_a-mprec.o)
 .ARM.attributes
                0x000006af       0x2d c:/program files (x86)/cypress/psoc creator/4.4/psoc creator/import/gnu/arm/5.4.1/bin/../lib/gcc/arm-none-eabi/5.4.1/../../../../arm-none-eabi/lib/armv7-m\libg_nano.a(lib_a-nano-callocr.o)
 .ARM.attributes
                0x000006dc       0x2d c:/program files (x86)/cypress/psoc creator/4.4/psoc creator/import/gnu/arm/5.4.1/bin/../lib/gcc/arm-none-eabi/5.4.1/../../../../arm-none-eabi/lib/armv7-m\libg_nano.a(lib_a-nano-freer.o)
 .ARM.attributes
                0x00000709       0x2d c:/program files (x86)/cypress/psoc creator/4.4/psoc creator/import/gnu/arm/5.4.1/bin/../lib/gcc/arm-none-eabi/5.4.1/../../../../arm-none-eabi/lib/armv7-m\libg_nano.a(lib_a-nano-mallocr.o)
 .ARM.attributes
                0x00000736       0x2d c:/program files (x86)/cypress/psoc creator/4.4/psoc creator/import/gnu/arm/5.4.1/bin/../lib/gcc/arm-none-eabi/5.4.1/../../../../arm-none-eabi/lib/armv7-m\libg_nano.a(lib_a-sbrkr.o)
 .ARM.attributes
                0x00000763       0x1b c:/program files (x86)/cypress/psoc creator/4.4/psoc creator/import/gnu/arm/5.4.1/bin/../lib/gcc/arm-none-eabi/5.4.1/../../../../arm-none-eabi/lib/armv7-m\libg_nano.a(lib_a-strcmp.o)
 .ARM.attributes
                0x0000077e       0x2d c:/program files (x86)/cypress/psoc creator/4.4/psoc creator/import/gnu/arm/5.4.1/bin/../lib/gcc/arm-none-eabi/5.4.1/../../../../arm-none-eabi/lib/armv7-m\libg_nano.a(lib_a-mlock.o)
 .ARM.attributes
                0x000007ab       0x2d c:/program files (x86)/cypress/psoc creator/4.4/psoc creator/import/gnu/arm/5.4.1/bin/../lib/gcc/arm-none-eabi/5.4.1/../../../../arm-none-eabi/lib/armv7-m\libg_nano.a(lib_a-reent.o)
 .ARM.attributes
                0x000007d8       0x1d c:/program files (x86)/cypress/psoc creator/4.4/psoc creator/import/gnu/arm/5.4.1/bin/../lib/gcc/arm-none-eabi/5.4.1/armv7-m\libgcc.a(_arm_addsubdf3.o)
 .ARM.attributes
                0x000007f5       0x1d c:/program files (x86)/cypress/psoc creator/4.4/psoc creator/import/gnu/arm/5.4.1/bin/../lib/gcc/arm-none-eabi/5.4.1/armv7-m\libgcc.a(_arm_muldivdf3.o)
 .ARM.attributes
                0x00000812       0x1d c:/program files (x86)/cypress/psoc creator/4.4/psoc creator/import/gnu/arm/5.4.1/bin/../lib/gcc/arm-none-eabi/5.4.1/armv7-m\libgcc.a(_arm_cmpdf2.o)
 .ARM.attributes
                0x0000082f       0x1d c:/program files (x86)/cypress/psoc creator/4.4/psoc creator/import/gnu/arm/5.4.1/bin/../lib/gcc/arm-none-eabi/5.4.1/armv7-m\libgcc.a(_arm_unorddf2.o)
 .ARM.attributes
                0x0000084c       0x1d c:/program files (x86)/cypress/psoc creator/4.4/psoc creator/import/gnu/arm/5.4.1/bin/../lib/gcc/arm-none-eabi/5.4.1/armv7-m\libgcc.a(_arm_fixdfsi.o)
 .ARM.attributes
                0x00000869       0x2d c:/program files (x86)/cypress/psoc creator/4.4/psoc creator/import/gnu/arm/5.4.1/bin/../lib/gcc/arm-none-eabi/5.4.1/armv7-m/crtend.o
 .ARM.attributes
                0x00000896       0x1d c:/program files (x86)/cypress/psoc creator/4.4/psoc creator/import/gnu/arm/5.4.1/bin/../lib/gcc/arm-none-eabi/5.4.1/armv7-m/crtn.o

/DISCARD/
 *(.note.GNU-stack)
OUTPUT(C:\Users\DELL\OneDrive\Documents\PSoC Creator\Signal-Generator_1\Signal-Generator_1\Design01.cydsn\CortexM3\ARM_GCC_541\Debug\Design01.elf elf32-littlearm)
